Archive member included to satisfy reference by file (symbol)

C:/Users/ABogovik/Documents/msdk/Libraries/PeriphDrivers/bin/MAX32672/softfp/libPeriphDriver_softfp.a(mxc_delay.o)
                              c:/Users/ABogovik/Documents/Eclipse_Workspace/UART_NewAPI_TEST/build/tft_st7735.o (MXC_Delay)
C:/Users/ABogovik/Documents/msdk/Libraries/PeriphDrivers/bin/MAX32672/softfp/libPeriphDriver_softfp.a(sys_me21.o)
                              c:/Users/ABogovik/Documents/Eclipse_Workspace/UART_NewAPI_TEST/build/system_max32672.o (MXC_SYS_ClockEnable)
C:/Users/ABogovik/Documents/msdk/Libraries/PeriphDrivers/bin/MAX32672/softfp/libPeriphDriver_softfp.a(aes_me21.o)
                              C:/Users/ABogovik/Documents/msdk/Libraries/PeriphDrivers/bin/MAX32672/softfp/libPeriphDriver_softfp.a(sys_me21.o) (MXC_AES_Init)
C:/Users/ABogovik/Documents/msdk/Libraries/PeriphDrivers/bin/MAX32672/softfp/libPeriphDriver_softfp.a(aes_revb.o)
                              C:/Users/ABogovik/Documents/msdk/Libraries/PeriphDrivers/bin/MAX32672/softfp/libPeriphDriver_softfp.a(aes_me21.o) (MXC_AES_RevB_IsBusy)
C:/Users/ABogovik/Documents/msdk/Libraries/PeriphDrivers/bin/MAX32672/softfp/libPeriphDriver_softfp.a(dma_me21.o)
                              C:/Users/ABogovik/Documents/msdk/Libraries/PeriphDrivers/bin/MAX32672/softfp/libPeriphDriver_softfp.a(aes_revb.o) (MXC_DMA_Init)
C:/Users/ABogovik/Documents/msdk/Libraries/PeriphDrivers/bin/MAX32672/softfp/libPeriphDriver_softfp.a(dma_reva.o)
                              C:/Users/ABogovik/Documents/msdk/Libraries/PeriphDrivers/bin/MAX32672/softfp/libPeriphDriver_softfp.a(dma_me21.o) (MXC_DMA_RevA_Init)
C:/Users/ABogovik/Documents/msdk/Libraries/PeriphDrivers/bin/MAX32672/softfp/libPeriphDriver_softfp.a(flc_me21.o)
                              C:/Users/ABogovik/Documents/msdk/Libraries/PeriphDrivers/bin/MAX32672/softfp/libPeriphDriver_softfp.a(sys_me21.o) (MXC_FLC_UnlockInfoBlock)
C:/Users/ABogovik/Documents/msdk/Libraries/PeriphDrivers/bin/MAX32672/softfp/libPeriphDriver_softfp.a(flc_reva.o)
                              C:/Users/ABogovik/Documents/msdk/Libraries/PeriphDrivers/bin/MAX32672/softfp/libPeriphDriver_softfp.a(flc_me21.o) (MXC_FLC_RevA_Busy)
C:/Users/ABogovik/Documents/msdk/Libraries/PeriphDrivers/bin/MAX32672/softfp/libPeriphDriver_softfp.a(gpio_me21.o)
                              c:/Users/ABogovik/Documents/Eclipse_Workspace/UART_NewAPI_TEST/build/pb.o (MXC_GPIO_InGet)
C:/Users/ABogovik/Documents/msdk/Libraries/PeriphDrivers/bin/MAX32672/softfp/libPeriphDriver_softfp.a(gpio_reva.o)
                              C:/Users/ABogovik/Documents/msdk/Libraries/PeriphDrivers/bin/MAX32672/softfp/libPeriphDriver_softfp.a(gpio_me21.o) (MXC_GPIO_RevA_InGet)
C:/Users/ABogovik/Documents/msdk/Libraries/PeriphDrivers/bin/MAX32672/softfp/libPeriphDriver_softfp.a(spi_me21.o)
                              c:/Users/ABogovik/Documents/Eclipse_Workspace/UART_NewAPI_TEST/build/board.o (MXC_SPI_Init)
C:/Users/ABogovik/Documents/msdk/Libraries/PeriphDrivers/bin/MAX32672/softfp/libPeriphDriver_softfp.a(spi_reva1.o)
                              C:/Users/ABogovik/Documents/msdk/Libraries/PeriphDrivers/bin/MAX32672/softfp/libPeriphDriver_softfp.a(spi_me21.o) (MXC_SPI_RevA1_Init)
C:/Users/ABogovik/Documents/msdk/Libraries/PeriphDrivers/bin/MAX32672/softfp/libPeriphDriver_softfp.a(uart_me21.o)
                              c:/Users/ABogovik/Documents/Eclipse_Workspace/UART_NewAPI_TEST/build/board.o (MXC_UART_Shutdown)
C:/Users/ABogovik/Documents/msdk/Libraries/PeriphDrivers/bin/MAX32672/softfp/libPeriphDriver_softfp.a(uart_revb.o)
                              C:/Users/ABogovik/Documents/msdk/Libraries/PeriphDrivers/bin/MAX32672/softfp/libPeriphDriver_softfp.a(uart_me21.o) (MXC_UART_RevB_Init)
C:/Users/ABogovik/Documents/msdk/Libraries/PeriphDrivers/bin/MAX32672/softfp/libPeriphDriver_softfp.a(mxc_lock.o)
                              C:/Users/ABogovik/Documents/msdk/Libraries/PeriphDrivers/bin/MAX32672/softfp/libPeriphDriver_softfp.a(dma_reva.o) (MXC_GetLock)
C:/Users/ABogovik/Documents/msdk/Libraries/PeriphDrivers/bin/MAX32672/softfp/libPeriphDriver_softfp.a(nvic_table.o)
                              C:/Users/ABogovik/Documents/msdk/Libraries/PeriphDrivers/bin/MAX32672/softfp/libPeriphDriver_softfp.a(uart_revb.o) (MXC_NVIC_SetVector)
C:/Users/ABogovik/Documents/msdk/Libraries/PeriphDrivers/bin/MAX32672/softfp/libPeriphDriver_softfp.a(pins_me21.o)
                              C:/Users/ABogovik/Documents/msdk/Libraries/PeriphDrivers/bin/MAX32672/softfp/libPeriphDriver_softfp.a(spi_me21.o) (gpio_cfg_spi2)
C:/Users/ABogovik/Documents/msdk/Libraries/PeriphDrivers/bin/MAX32672/softfp/libPeriphDriver_softfp.a(flc_common.o)
                              C:/Users/ABogovik/Documents/msdk/Libraries/PeriphDrivers/bin/MAX32672/softfp/libPeriphDriver_softfp.a(flc_me21.o) (MXC_FLC_Com_VerifyData)
[...]
Memory Configuration

Name             Origin             Length             Attributes
FLASH            0x10000000         0x00100000         xr
SRAM             0x20000000         0x00028000         xrw
*default*        0x00000000         0xffffffff

Linker script and memory map

LOAD c:/users/abogovik/documents/msdk/tools/gnutools/10.3/bin/../lib/gcc/arm-none-eabi/10.3.1/thumb/v7e-m+fp/softfp/crti.o
LOAD c:/users/abogovik/documents/msdk/tools/gnutools/10.3/bin/../lib/gcc/arm-none-eabi/10.3.1/thumb/v7e-m+fp/softfp/crtbegin.o
LOAD c:/users/abogovik/documents/msdk/tools/gnutools/10.3/bin/../lib/gcc/arm-none-eabi/10.3.1/../../../../arm-none-eabi/lib/thumb/v7e-m+fp/softfp/crt0.o
LOAD c:/Users/ABogovik/Documents/Eclipse_Workspace/UART_NewAPI_TEST/build/main.o
LOAD c:/Users/ABogovik/Documents/Eclipse_Workspace/UART_NewAPI_TEST/build/board.o
LOAD c:/Users/ABogovik/Documents/Eclipse_Workspace/UART_NewAPI_TEST/build/stdio.o
LOAD c:/Users/ABogovik/Documents/Eclipse_Workspace/UART_NewAPI_TEST/build/led.o
LOAD c:/Users/ABogovik/Documents/Eclipse_Workspace/UART_NewAPI_TEST/build/pb.o
LOAD c:/Users/ABogovik/Documents/Eclipse_Workspace/UART_NewAPI_TEST/build/st7735s.o
LOAD c:/Users/ABogovik/Documents/Eclipse_Workspace/UART_NewAPI_TEST/build/tft_st7735.o
LOAD c:/Users/ABogovik/Documents/Eclipse_Workspace/UART_NewAPI_TEST/build/startup_max32672.o
LOAD c:/Users/ABogovik/Documents/Eclipse_Workspace/UART_NewAPI_TEST/build/heap.o
LOAD c:/Users/ABogovik/Documents/Eclipse_Workspace/UART_NewAPI_TEST/build/system_max32672.o
START GROUP
LOAD C:/Users/ABogovik/Documents/msdk/Libraries/PeriphDrivers/bin/MAX32672/softfp/libPeriphDriver_softfp.a
LOAD c:/users/abogovik/documents/msdk/tools/gnutools/10.3/bin/../lib/gcc/arm-none-eabi/10.3.1/../../../../arm-none-eabi/lib/thumb/v7e-m+fp/softfp\libc.a
LOAD c:/users/abogovik/documents/msdk/tools/gnutools/10.3/bin/../lib/gcc/arm-none-eabi/10.3.1/../../../../arm-none-eabi/lib/thumb/v7e-m+fp/softfp\libm.a
LOAD c:/users/abogovik/documents/msdk/tools/gnutools/10.3/bin/../lib/gcc/arm-none-eabi/10.3.1/../../../../arm-none-eabi/lib/thumb/v7e-m+fp/softfp\libnosys.a
END GROUP
START GROUP
LOAD c:/users/abogovik/documents/msdk/tools/gnutools/10.3/bin/../lib/gcc/arm-none-eabi/10.3.1/thumb/v7e-m+fp/softfp\libgcc.a
LOAD c:/users/abogovik/documents/msdk/tools/gnutools/10.3/bin/../lib/gcc/arm-none-eabi/10.3.1/../../../../arm-none-eabi/lib/thumb/v7e-m+fp/softfp\libc.a
END GROUP
LOAD c:/users/abogovik/documents/msdk/tools/gnutools/10.3/bin/../lib/gcc/arm-none-eabi/10.3.1/thumb/v7e-m+fp/softfp/crtend.o
LOAD c:/users/abogovik/documents/msdk/tools/gnutools/10.3/bin/../lib/gcc/arm-none-eabi/10.3.1/thumb/v7e-m+fp/softfp/crtn.o

.text           0x10000000     0x9f04
                0x10000000                _text = .
 *(.isr_vector)
 .isr_vector    0x10000000      0x1f0 c:/Users/ABogovik/Documents/Eclipse_Workspace/UART_NewAPI_TEST/build/startup_max32672.o
                0x10000000                __isr_vector
 *(.text*)
 .text          0x100001f0       0x40 c:/users/abogovik/documents/msdk/tools/gnutools/10.3/bin/../lib/gcc/arm-none-eabi/10.3.1/thumb/v7e-m+fp/softfp/crtbegin.o
 .text.readCallback
                0x10000230        0xc c:/Users/ABogovik/Documents/Eclipse_Workspace/UART_NewAPI_TEST/build/main.o
                0x10000230                readCallback
 .text.writeCallback
                0x1000023c        0xc c:/Users/ABogovik/Documents/Eclipse_Workspace/UART_NewAPI_TEST/build/main.o
                0x1000023c                writeCallback
 .text.main     0x10000248      0x1e8 c:/Users/ABogovik/Documents/Eclipse_Workspace/UART_NewAPI_TEST/build/main.o
                0x10000248                main
 .text.mxc_assert
                0x10000430       0x10 c:/Users/ABogovik/Documents/Eclipse_Workspace/UART_NewAPI_TEST/build/board.o
                0x10000430                mxc_assert
 .text.GPIO0_IRQHandler
                0x10000440        0xa c:/Users/ABogovik/Documents/Eclipse_Workspace/UART_NewAPI_TEST/build/board.o
                0x10000440                GPIO0_IRQHandler
 *fill*         0x1000044a        0x2 
 .text.Console_Init
                0x1000044c       0x18 c:/Users/ABogovik/Documents/Eclipse_Workspace/UART_NewAPI_TEST/build/board.o
                0x1000044c                Console_Init
 .text.Board_Init
                0x10000464       0x34 c:/Users/ABogovik/Documents/Eclipse_Workspace/UART_NewAPI_TEST/build/board.o
                0x10000464                Board_Init
 .text.NMI_Handler
                0x10000498        0x4 c:/Users/ABogovik/Documents/Eclipse_Workspace/UART_NewAPI_TEST/build/board.o
                0x10000498                NMI_Handler
 .text._close   0x1000049c        0x6 c:/Users/ABogovik/Documents/Eclipse_Workspace/UART_NewAPI_TEST/build/stdio.o
                0x1000049c                _close
 .text._isatty  0x100004a2        0x6 c:/Users/ABogovik/Documents/Eclipse_Workspace/UART_NewAPI_TEST/build/stdio.o
                0x100004a2                _isatty
 .text._lseek   0x100004a8        0x6 c:/Users/ABogovik/Documents/Eclipse_Workspace/UART_NewAPI_TEST/build/stdio.o
                0x100004a8                _lseek
 .text._fstat   0x100004ae        0x6 c:/Users/ABogovik/Documents/Eclipse_Workspace/UART_NewAPI_TEST/build/stdio.o
                0x100004ae                _fstat
 .text._read    0x100004b4       0x50 c:/Users/ABogovik/Documents/Eclipse_Workspace/UART_NewAPI_TEST/build/stdio.o
                0x100004b4                _read
 .text._write   0x10000504       0x44 c:/Users/ABogovik/Documents/Eclipse_Workspace/UART_NewAPI_TEST/build/stdio.o
                0x10000504                _write
 .text.LED_On   0x10000548       0x44 c:/Users/ABogovik/Documents/Eclipse_Workspace/UART_NewAPI_TEST/build/led.o
                0x10000548                LED_On
 .text.LED_Off  0x1000058c       0x44 c:/Users/ABogovik/Documents/Eclipse_Workspace/UART_NewAPI_TEST/build/led.o
                0x1000058c                LED_Off
 .text.LED_Init
                0x100005d0       0x3c c:/Users/ABogovik/Documents/Eclipse_Workspace/UART_NewAPI_TEST/build/led.o
                0x100005d0                LED_Init
 .text.PB_Init  0x1000060c       0x38 c:/Users/ABogovik/Documents/Eclipse_Workspace/UART_NewAPI_TEST/build/pb.o
                0x1000060c                PB_Init
 .text          0x10000644      0x150 c:/Users/ABogovik/Documents/Eclipse_Workspace/UART_NewAPI_TEST/build/startup_max32672.o
                0x10000644                Reset_Handler
                0x10000682                HardFault_Handler
                0x10000684                MemManage_Handler
                0x10000686                BusFault_Handler
                0x10000688                UsageFault_Handler
                0x1000068a                SVC_Handler
                0x1000068c                DebugMon_Handler
                0x1000068e                PendSV_Handler
                0x10000690                SysTick_Handler
                0x10000692                Default_Handler
                0x10000694                PF_IRQHandler
                0x10000696                WDT0_IRQHandler
                0x10000698                RSV02_IRQHandler
                0x1000069a                RTC_IRQHandler
                0x1000069c                TRNG_IRQHandler
                0x1000069e                TMR0_IRQHandler
                0x100006a0                TMR1_IRQHandler
                0x100006a2                TMR2_IRQHandler
                0x100006a4                TMR3_IRQHandler
                0x100006a6                TMR4_IRQHandler
                0x100006a8                TMR5_IRQHandler
                0x100006aa                RSV11_IRQHandler
                0x100006ac                RSV12_IRQHandler
                0x100006ae                I2C0_IRQHandler
                0x100006b0                UART0_IRQHandler
                0x100006b2                UART1_IRQHandler
                0x100006b4                SPI0_IRQHandler
                0x100006b6                SPI1_IRQHandler
                0x100006b8                SPI2_IRQHandler
                0x100006ba                RSV19_IRQHandler
                0x100006bc                ADC_IRQHandler
                0x100006be                RSV21_IRQHandler
                0x100006c0                RSV22_IRQHandler
                0x100006c2                FLC0_IRQHandler
                0x100006c6                GPIO1_IRQHandler
                0x100006c8                RSV26_IRQHandler
                0x100006ca                CTB_IRQHandler
                0x100006cc                DMA0_IRQHandler
                0x100006ce                DMA1_IRQHandler
                0x100006d0                DMA2_IRQHandler
                0x100006d2                DMA3_IRQHandler
                0x100006d4                RSV32_IRQHandler
                0x100006d6                RSV33_IRQHandler
                0x100006d8                UART2_IRQHandler
                0x100006da                RSV35_IRQHandler
                0x100006dc                I2C1_IRQHandler
                0x100006de                RSV37_IRQHandler
                0x100006e0                RSV38_IRQHandler
                0x100006e2                RSV39_IRQHandler
                0x100006e4                RSV40_IRQHandler
                0x100006e6                RSV41_IRQHandler
                0x100006e8                RSV42_IRQHandler
                0x100006ea                RSV43_IRQHandler
                0x100006ec                RSV44_IRQHandler
                0x100006ee                RSV45_IRQHandler
                0x100006f0                RSV46_IRQHandler
                0x100006f2                RSV47_IRQHandler
                0x100006f4                RSV48_IRQHandler
                0x100006f6                RSV49_IRQHandler
                0x100006f8                RSV50_IRQHandler
                0x100006fa                RSV51_IRQHandler
                0x100006fc                RSV52_IRQHandler
                0x100006fe                RSV53_IRQHandler
                0x10000700                GPIOWAKE_IRQHandler
                0x10000702                RSV55_IRQHandler
                0x10000704                RSV56_IRQHandler
                0x10000706                WDT1_IRQHandler
                0x10000708                RSV58_IRQHandler
                0x1000070a                RSV59_IRQHandler
                0x1000070c                RSV60_IRQHandler
                0x1000070e                RSV61_IRQHandler
                0x10000710                I2C2_IRQHandler
                0x10000712                RSV63_IRQHandler
                0x10000714                RSV64_IRQHandler
                0x10000716                RSV65_IRQHandler
                0x10000718                RSV66_IRQHandler
                0x1000071a                RSV67_IRQHandler
                0x1000071c                DMA4_IRQHandler
                0x1000071e                DMA5_IRQHandler
                0x10000720                DMA6_IRQHandler
                0x10000722                DMA7_IRQHandler
                0x10000724                DMA8_IRQHandler
                0x10000726                DMA9_IRQHandler
                0x10000728                DMA10_IRQHandler
                0x1000072a                DMA11_IRQHandler
                0x1000072c                RSV76_IRQHandler
                0x1000072e                RSV77_IRQHandler
                0x10000730                RSV78_IRQHandler
                0x10000732                RSV79_IRQHandler
                0x10000734                RSV80_IRQHandler
                0x10000736                RSV81_IRQHandler
                0x10000738                ECC_IRQHandler
                0x1000073a                RSV83_IRQHandler
                0x1000073c                RSV84_IRQHandler
                0x1000073e                SCA_IRQHandler
                0x10000740                RSV86_IRQHandler
                0x10000742                FLC1_IRQHandler
                0x10000744                UART3_IRQHandler
                0x10000746                RSV89_IRQHandler
                0x10000748                RSV90_IRQHandler
                0x1000074a                RSV91_IRQHandler
                0x1000074c                RSV92_IRQHandler
                0x1000074e                RSV93_IRQHandler
                0x10000750                RSV94_IRQHandler
                0x10000752                RSV95_IRQHandler
                0x10000754                RSV96_IRQHandler
                0x10000756                AES_IRQHandler
                0x10000758                RSV98_IRQHandler
                0x1000075a                I2S_IRQHandler
                0x1000075c                RSV100_IRQHandler
                0x1000075e                RSV101_IRQHandler
                0x10000760                RSV102_IRQHandler
                0x10000762                RSV103_IRQHandler
                0x10000764                RSV104_IRQHandler
                0x10000766                RSV105_IRQHandler
                0x10000768                QDEC_IRQHandler
                0x1000076a                RSV107_IRQHandler
 .text._sbrk    0x10000794       0x40 c:/Users/ABogovik/Documents/Eclipse_Workspace/UART_NewAPI_TEST/build/heap.o
                0x10000794                _sbrk
 .text._getpid  0x100007d4        0x6 c:/Users/ABogovik/Documents/Eclipse_Workspace/UART_NewAPI_TEST/build/system_max32672.o
                0x100007d4                _getpid
 .text._kill    0x100007da        0x6 c:/Users/ABogovik/Documents/Eclipse_Workspace/UART_NewAPI_TEST/build/system_max32672.o
                0x100007da                _kill
 .text.SystemCoreClockUpdate
                0x100007e0       0x8c c:/Users/ABogovik/Documents/Eclipse_Workspace/UART_NewAPI_TEST/build/system_max32672.o
                0x100007e0                SystemCoreClockUpdate
 .text.PreInit  0x1000086c        0x4 c:/Users/ABogovik/Documents/Eclipse_Workspace/UART_NewAPI_TEST/build/system_max32672.o
                0x1000086c                PreInit
 .text.SystemInit
                0x10000870       0x44 c:/Users/ABogovik/Documents/Eclipse_Workspace/UART_NewAPI_TEST/build/system_max32672.o
                0x10000870                SystemInit
 .text.MXC_DelayInit
                0x100008b4       0x84 C:/Users/ABogovik/Documents/msdk/Libraries/PeriphDrivers/bin/MAX32672/softfp/libPeriphDriver_softfp.a(mxc_delay.o)
 .text.MXC_DelayAsync
                0x10000938       0x44 C:/Users/ABogovik/Documents/msdk/Libraries/PeriphDrivers/bin/MAX32672/softfp/libPeriphDriver_softfp.a(mxc_delay.o)
                0x10000938                MXC_DelayAsync
 .text.MXC_DelayAbort
                0x1000097c       0x34 C:/Users/ABogovik/Documents/msdk/Libraries/PeriphDrivers/bin/MAX32672/softfp/libPeriphDriver_softfp.a(mxc_delay.o)
                0x1000097c                MXC_DelayAbort
 .text.MXC_DelayCheck
                0x100009b0       0x64 C:/Users/ABogovik/Documents/msdk/Libraries/PeriphDrivers/bin/MAX32672/softfp/libPeriphDriver_softfp.a(mxc_delay.o)
                0x100009b0                MXC_DelayCheck
 .text.MXC_SYS_IsClockEnabled
                0x10000a14       0x54 C:/Users/ABogovik/Documents/msdk/Libraries/PeriphDrivers/bin/MAX32672/softfp/libPeriphDriver_softfp.a(sys_me21.o)
                0x10000a14                MXC_SYS_IsClockEnabled
 .text.MXC_SYS_ClockDisable
                0x10000a68       0x48 C:/Users/ABogovik/Documents/msdk/Libraries/PeriphDrivers/bin/MAX32672/softfp/libPeriphDriver_softfp.a(sys_me21.o)
                0x10000a68                MXC_SYS_ClockDisable
 .text.MXC_SYS_ClockEnable
                0x10000ab0       0x50 C:/Users/ABogovik/Documents/msdk/Libraries/PeriphDrivers/bin/MAX32672/softfp/libPeriphDriver_softfp.a(sys_me21.o)
                0x10000ab0                MXC_SYS_ClockEnable
 .text.MXC_SYS_RTCClockEnable
                0x10000b00       0x28 C:/Users/ABogovik/Documents/msdk/Libraries/PeriphDrivers/bin/MAX32672/softfp/libPeriphDriver_softfp.a(sys_me21.o)
                0x10000b00                MXC_SYS_RTCClockEnable
 .text.MXC_SYS_Clock_Timeout
                0x10000b28       0x34 C:/Users/ABogovik/Documents/msdk/Libraries/PeriphDrivers/bin/MAX32672/softfp/libPeriphDriver_softfp.a(sys_me21.o)
                0x10000b28                MXC_SYS_Clock_Timeout
 .text.MXC_SYS_ClockSourceEnable
                0x10000b5c       0x8c C:/Users/ABogovik/Documents/msdk/Libraries/PeriphDrivers/bin/MAX32672/softfp/libPeriphDriver_softfp.a(sys_me21.o)
                0x10000b5c                MXC_SYS_ClockSourceEnable
 .text.MXC_SYS_Clock_Select
                0x10000be8      0x172 C:/Users/ABogovik/Documents/msdk/Libraries/PeriphDrivers/bin/MAX32672/softfp/libPeriphDriver_softfp.a(sys_me21.o)
                0x10000be8                MXC_SYS_Clock_Select
 *fill*         0x10000d5a        0x2 
 .text.MXC_SYS_Reset_Periph
                0x10000d5c       0x58 C:/Users/ABogovik/Documents/msdk/Libraries/PeriphDrivers/bin/MAX32672/softfp/libPeriphDriver_softfp.a(sys_me21.o)
                0x10000d5c                MXC_SYS_Reset_Periph
 .text.MXC_DMA_Init
                0x10000db4       0x24 C:/Users/ABogovik/Documents/msdk/Libraries/PeriphDrivers/bin/MAX32672/softfp/libPeriphDriver_softfp.a(dma_me21.o)
                0x10000db4                MXC_DMA_Init
 .text.MXC_DMA_AcquireChannel
                0x10000dd8       0x10 C:/Users/ABogovik/Documents/msdk/Libraries/PeriphDrivers/bin/MAX32672/softfp/libPeriphDriver_softfp.a(dma_me21.o)
                0x10000dd8                MXC_DMA_AcquireChannel
 .text.MXC_DMA_ReleaseChannel
                0x10000de8        0x8 C:/Users/ABogovik/Documents/msdk/Libraries/PeriphDrivers/bin/MAX32672/softfp/libPeriphDriver_softfp.a(dma_me21.o)
                0x10000de8                MXC_DMA_ReleaseChannel
 .text.MXC_DMA_ConfigChannel
                0x10000df0       0x22 C:/Users/ABogovik/Documents/msdk/Libraries/PeriphDrivers/bin/MAX32672/softfp/libPeriphDriver_softfp.a(dma_me21.o)
                0x10000df0                MXC_DMA_ConfigChannel
 .text.MXC_DMA_SetCallback
                0x10000e12        0x8 C:/Users/ABogovik/Documents/msdk/Libraries/PeriphDrivers/bin/MAX32672/softfp/libPeriphDriver_softfp.a(dma_me21.o)
                0x10000e12                MXC_DMA_SetCallback
 .text.MXC_DMA_SetChannelInterruptEn
                0x10000e1a        0x8 C:/Users/ABogovik/Documents/msdk/Libraries/PeriphDrivers/bin/MAX32672/softfp/libPeriphDriver_softfp.a(dma_me21.o)
                0x10000e1a                MXC_DMA_SetChannelInterruptEn
 .text.MXC_DMA_ChannelClearFlags
                0x10000e22        0x8 C:/Users/ABogovik/Documents/msdk/Libraries/PeriphDrivers/bin/MAX32672/softfp/libPeriphDriver_softfp.a(dma_me21.o)
                0x10000e22                MXC_DMA_ChannelClearFlags
 *fill*         0x10000e2a        0x2 
 .text.MXC_DMA_EnableInt
                0x10000e2c       0x10 C:/Users/ABogovik/Documents/msdk/Libraries/PeriphDrivers/bin/MAX32672/softfp/libPeriphDriver_softfp.a(dma_me21.o)
                0x10000e2c                MXC_DMA_EnableInt
 .text.MXC_DMA_Start
                0x10000e3c        0x8 C:/Users/ABogovik/Documents/msdk/Libraries/PeriphDrivers/bin/MAX32672/softfp/libPeriphDriver_softfp.a(dma_me21.o)
                0x10000e3c                MXC_DMA_Start
 .text.MXC_DMA_Handler
                0x10000e44       0x10 C:/Users/ABogovik/Documents/msdk/Libraries/PeriphDrivers/bin/MAX32672/softfp/libPeriphDriver_softfp.a(dma_me21.o)
                0x10000e44                MXC_DMA_Handler
 .text.MXC_DMA_RevA_Init
                0x10000e54       0xc4 C:/Users/ABogovik/Documents/msdk/Libraries/PeriphDrivers/bin/MAX32672/softfp/libPeriphDriver_softfp.a(dma_reva.o)
                0x10000e54                MXC_DMA_RevA_Init
 .text.MXC_DMA_RevA_AcquireChannel
                0x10000f18       0x90 C:/Users/ABogovik/Documents/msdk/Libraries/PeriphDrivers/bin/MAX32672/softfp/libPeriphDriver_softfp.a(dma_reva.o)
                0x10000f18                MXC_DMA_RevA_AcquireChannel
 .text.MXC_DMA_RevA_ReleaseChannel
                0x10000fa8       0x60 C:/Users/ABogovik/Documents/msdk/Libraries/PeriphDrivers/bin/MAX32672/softfp/libPeriphDriver_softfp.a(dma_reva.o)
                0x10000fa8                MXC_DMA_RevA_ReleaseChannel
 .text.MXC_DMA_RevA_SetSrcDst
                0x10001008       0x54 C:/Users/ABogovik/Documents/msdk/Libraries/PeriphDrivers/bin/MAX32672/softfp/libPeriphDriver_softfp.a(dma_reva.o)
                0x10001008                MXC_DMA_RevA_SetSrcDst
 .text.MXC_DMA_RevA_ConfigChannel
                0x1000105c       0x7c C:/Users/ABogovik/Documents/msdk/Libraries/PeriphDrivers/bin/MAX32672/softfp/libPeriphDriver_softfp.a(dma_reva.o)
                0x1000105c                MXC_DMA_RevA_ConfigChannel
 .text.MXC_DMA_RevA_SetCallback
                0x100010d8       0x30 C:/Users/ABogovik/Documents/msdk/Libraries/PeriphDrivers/bin/MAX32672/softfp/libPeriphDriver_softfp.a(dma_reva.o)
                0x100010d8                MXC_DMA_RevA_SetCallback
 .text.MXC_DMA_RevA_SetChannelInterruptEn
                0x10001108       0x58 C:/Users/ABogovik/Documents/msdk/Libraries/PeriphDrivers/bin/MAX32672/softfp/libPeriphDriver_softfp.a(dma_reva.o)
                0x10001108                MXC_DMA_RevA_SetChannelInterruptEn
 .text.MXC_DMA_RevA_EnableInt
                0x10001160       0x30 C:/Users/ABogovik/Documents/msdk/Libraries/PeriphDrivers/bin/MAX32672/softfp/libPeriphDriver_softfp.a(dma_reva.o)
                0x10001160                MXC_DMA_RevA_EnableInt
 .text.MXC_DMA_RevA_ChannelGetFlags
                0x10001190       0x30 C:/Users/ABogovik/Documents/msdk/Libraries/PeriphDrivers/bin/MAX32672/softfp/libPeriphDriver_softfp.a(dma_reva.o)
                0x10001190                MXC_DMA_RevA_ChannelGetFlags
 .text.MXC_DMA_RevA_ChannelClearFlags
                0x100011c0       0x38 C:/Users/ABogovik/Documents/msdk/Libraries/PeriphDrivers/bin/MAX32672/softfp/libPeriphDriver_softfp.a(dma_reva.o)
                0x100011c0                MXC_DMA_RevA_ChannelClearFlags
 .text.MXC_DMA_RevA_Start
                0x100011f8       0x58 C:/Users/ABogovik/Documents/msdk/Libraries/PeriphDrivers/bin/MAX32672/softfp/libPeriphDriver_softfp.a(dma_reva.o)
                0x100011f8                MXC_DMA_RevA_Start
 .text.MXC_DMA_RevA_Handler
                0x10001250       0xa4 C:/Users/ABogovik/Documents/msdk/Libraries/PeriphDrivers/bin/MAX32672/softfp/libPeriphDriver_softfp.a(dma_reva.o)
                0x10001250                MXC_DMA_RevA_Handler
 .text.MXC_GPIO_Init
                0x100012f4       0x28 C:/Users/ABogovik/Documents/msdk/Libraries/PeriphDrivers/bin/MAX32672/softfp/libPeriphDriver_softfp.a(gpio_me21.o)
                0x100012f4                MXC_GPIO_Init
 .text.MXC_GPIO_OutSet
                0x1000131c        0x8 C:/Users/ABogovik/Documents/msdk/Libraries/PeriphDrivers/bin/MAX32672/softfp/libPeriphDriver_softfp.a(gpio_me21.o)
                0x1000131c                MXC_GPIO_OutSet
 .text.MXC_GPIO_OutClr
                0x10001324        0x8 C:/Users/ABogovik/Documents/msdk/Libraries/PeriphDrivers/bin/MAX32672/softfp/libPeriphDriver_softfp.a(gpio_me21.o)
                0x10001324                MXC_GPIO_OutClr
 .text.MXC_GPIO_Handler
                0x1000132c        0x8 C:/Users/ABogovik/Documents/msdk/Libraries/PeriphDrivers/bin/MAX32672/softfp/libPeriphDriver_softfp.a(gpio_me21.o)
                0x1000132c                MXC_GPIO_Handler
 .text.MXC_GPIO_ClearFlags
                0x10001334        0x8 C:/Users/ABogovik/Documents/msdk/Libraries/PeriphDrivers/bin/MAX32672/softfp/libPeriphDriver_softfp.a(gpio_me21.o)
                0x10001334                MXC_GPIO_ClearFlags
 .text.MXC_GPIO_GetFlags
                0x1000133c        0x8 C:/Users/ABogovik/Documents/msdk/Libraries/PeriphDrivers/bin/MAX32672/softfp/libPeriphDriver_softfp.a(gpio_me21.o)
                0x1000133c                MXC_GPIO_GetFlags
 .text.MXC_GPIO_SetDriveStrength
                0x10001344        0x8 C:/Users/ABogovik/Documents/msdk/Libraries/PeriphDrivers/bin/MAX32672/softfp/libPeriphDriver_softfp.a(gpio_me21.o)
                0x10001344                MXC_GPIO_SetDriveStrength
 .text.MXC_GPIO_Config
                0x1000134c       0x94 C:/Users/ABogovik/Documents/msdk/Libraries/PeriphDrivers/bin/MAX32672/softfp/libPeriphDriver_softfp.a(gpio_me21.o)
                0x1000134c                MXC_GPIO_Config
 .text.MXC_GPIO_RevA_OutSet
                0x100013e0        0x4 C:/Users/ABogovik/Documents/msdk/Libraries/PeriphDrivers/bin/MAX32672/softfp/libPeriphDriver_softfp.a(gpio_reva.o)
                0x100013e0                MXC_GPIO_RevA_OutSet
 .text.MXC_GPIO_RevA_OutClr
                0x100013e4        0x4 C:/Users/ABogovik/Documents/msdk/Libraries/PeriphDrivers/bin/MAX32672/softfp/libPeriphDriver_softfp.a(gpio_reva.o)
                0x100013e4                MXC_GPIO_RevA_OutClr
 .text.MXC_GPIO_RevA_ClearFlags
                0x100013e8        0x4 C:/Users/ABogovik/Documents/msdk/Libraries/PeriphDrivers/bin/MAX32672/softfp/libPeriphDriver_softfp.a(gpio_reva.o)
                0x100013e8                MXC_GPIO_RevA_ClearFlags
 .text.MXC_GPIO_RevA_GetFlags
                0x100013ec        0x4 C:/Users/ABogovik/Documents/msdk/Libraries/PeriphDrivers/bin/MAX32672/softfp/libPeriphDriver_softfp.a(gpio_reva.o)
                0x100013ec                MXC_GPIO_RevA_GetFlags
 .text.MXC_GPIO_RevA_SetAF
                0x100013f0       0x74 C:/Users/ABogovik/Documents/msdk/Libraries/PeriphDrivers/bin/MAX32672/softfp/libPeriphDriver_softfp.a(gpio_reva.o)
                0x100013f0                MXC_GPIO_RevA_SetAF
 .text.MXC_GPIO_RevA_SetDriveStrength
                0x10001464       0x88 C:/Users/ABogovik/Documents/msdk/Libraries/PeriphDrivers/bin/MAX32672/softfp/libPeriphDriver_softfp.a(gpio_reva.o)
                0x10001464                MXC_GPIO_RevA_SetDriveStrength
 .text.MXC_UART_DMACallback
                0x100014ec        0x8 C:/Users/ABogovik/Documents/msdk/Libraries/PeriphDrivers/bin/MAX32672/softfp/libPeriphDriver_softfp.a(uart_me21.o)
                0x100014ec                MXC_UART_DMACallback
 .text.MXC_UART_Shutdown
                0x100014f4       0x74 C:/Users/ABogovik/Documents/msdk/Libraries/PeriphDrivers/bin/MAX32672/softfp/libPeriphDriver_softfp.a(uart_me21.o)
                0x100014f4                MXC_UART_Shutdown
 .text.MXC_UART_Init
                0x10001568       0xe4 C:/Users/ABogovik/Documents/msdk/Libraries/PeriphDrivers/bin/MAX32672/softfp/libPeriphDriver_softfp.a(uart_me21.o)
                0x10001568                MXC_UART_Init
 .text.MXC_UART_GetFrequency
                0x1000164c       0xac C:/Users/ABogovik/Documents/msdk/Libraries/PeriphDrivers/bin/MAX32672/softfp/libPeriphDriver_softfp.a(uart_me21.o)
                0x1000164c                MXC_UART_GetFrequency
 .text.MXC_UART_SetFrequency
                0x100016f8      0x138 C:/Users/ABogovik/Documents/msdk/Libraries/PeriphDrivers/bin/MAX32672/softfp/libPeriphDriver_softfp.a(uart_me21.o)
                0x100016f8                MXC_UART_SetFrequency
 .text.MXC_UART_SetDataSize
                0x10001830        0x8 C:/Users/ABogovik/Documents/msdk/Libraries/PeriphDrivers/bin/MAX32672/softfp/libPeriphDriver_softfp.a(uart_me21.o)
                0x10001830                MXC_UART_SetDataSize
 .text.MXC_UART_SetStopBits
                0x10001838        0x8 C:/Users/ABogovik/Documents/msdk/Libraries/PeriphDrivers/bin/MAX32672/softfp/libPeriphDriver_softfp.a(uart_me21.o)
                0x10001838                MXC_UART_SetStopBits
 .text.MXC_UART_SetParity
                0x10001840        0x8 C:/Users/ABogovik/Documents/msdk/Libraries/PeriphDrivers/bin/MAX32672/softfp/libPeriphDriver_softfp.a(uart_me21.o)
                0x10001840                MXC_UART_SetParity
 .text.MXC_UART_ReadCharacterRaw
                0x10001848        0x8 C:/Users/ABogovik/Documents/msdk/Libraries/PeriphDrivers/bin/MAX32672/softfp/libPeriphDriver_softfp.a(uart_me21.o)
                0x10001848                MXC_UART_ReadCharacterRaw
 .text.MXC_UART_WriteCharacterRaw
                0x10001850        0x8 C:/Users/ABogovik/Documents/msdk/Libraries/PeriphDrivers/bin/MAX32672/softfp/libPeriphDriver_softfp.a(uart_me21.o)
                0x10001850                MXC_UART_WriteCharacterRaw
 .text.MXC_UART_ReadCharacter
                0x10001858        0x8 C:/Users/ABogovik/Documents/msdk/Libraries/PeriphDrivers/bin/MAX32672/softfp/libPeriphDriver_softfp.a(uart_me21.o)
                0x10001858                MXC_UART_ReadCharacter
 .text.MXC_UART_WriteCharacter
                0x10001860        0x8 C:/Users/ABogovik/Documents/msdk/Libraries/PeriphDrivers/bin/MAX32672/softfp/libPeriphDriver_softfp.a(uart_me21.o)
                0x10001860                MXC_UART_WriteCharacter
 .text.MXC_UART_ReadRXFIFODMA
                0x10001868       0x60 C:/Users/ABogovik/Documents/msdk/Libraries/PeriphDrivers/bin/MAX32672/softfp/libPeriphDriver_softfp.a(uart_me21.o)
                0x10001868                MXC_UART_ReadRXFIFODMA
 .text.MXC_UART_GetRXFIFOAvailable
                0x100018c8        0x8 C:/Users/ABogovik/Documents/msdk/Libraries/PeriphDrivers/bin/MAX32672/softfp/libPeriphDriver_softfp.a(uart_me21.o)
                0x100018c8                MXC_UART_GetRXFIFOAvailable
 .text.MXC_UART_WriteTXFIFODMA
                0x100018d0       0x68 C:/Users/ABogovik/Documents/msdk/Libraries/PeriphDrivers/bin/MAX32672/softfp/libPeriphDriver_softfp.a(uart_me21.o)
                0x100018d0                MXC_UART_WriteTXFIFODMA
 .text.MXC_UART_GetTXFIFOAvailable
                0x10001938        0x8 C:/Users/ABogovik/Documents/msdk/Libraries/PeriphDrivers/bin/MAX32672/softfp/libPeriphDriver_softfp.a(uart_me21.o)
                0x10001938                MXC_UART_GetTXFIFOAvailable
 .text.MXC_UART_SetRXThreshold
                0x10001940        0x8 C:/Users/ABogovik/Documents/msdk/Libraries/PeriphDrivers/bin/MAX32672/softfp/libPeriphDriver_softfp.a(uart_me21.o)
                0x10001940                MXC_UART_SetRXThreshold
 .text.MXC_UART_ClearFlags
                0x10001948        0x8 C:/Users/ABogovik/Documents/msdk/Libraries/PeriphDrivers/bin/MAX32672/softfp/libPeriphDriver_softfp.a(uart_me21.o)
                0x10001948                MXC_UART_ClearFlags
 .text.MXC_UART_DisableInt
                0x10001950        0x8 C:/Users/ABogovik/Documents/msdk/Libraries/PeriphDrivers/bin/MAX32672/softfp/libPeriphDriver_softfp.a(uart_me21.o)
                0x10001950                MXC_UART_DisableInt
 .text.MXC_UART_TransactionDMA
                0x10001958        0x8 C:/Users/ABogovik/Documents/msdk/Libraries/PeriphDrivers/bin/MAX32672/softfp/libPeriphDriver_softfp.a(uart_me21.o)
                0x10001958                MXC_UART_TransactionDMA
 .text.MXC_UART_SetAutoDMAHandlers
                0x10001960        0x8 C:/Users/ABogovik/Documents/msdk/Libraries/PeriphDrivers/bin/MAX32672/softfp/libPeriphDriver_softfp.a(uart_me21.o)
                0x10001960                MXC_UART_SetAutoDMAHandlers
 .text.MXC_UART_RevB_Init
                0x10001968       0xac C:/Users/ABogovik/Documents/msdk/Libraries/PeriphDrivers/bin/MAX32672/softfp/libPeriphDriver_softfp.a(uart_revb.o)
                0x10001968                MXC_UART_RevB_Init
 .text.MXC_UART_RevB_SetFrequency
                0x10001a14       0xb4 C:/Users/ABogovik/Documents/msdk/Libraries/PeriphDrivers/bin/MAX32672/softfp/libPeriphDriver_softfp.a(uart_revb.o)
                0x10001a14                MXC_UART_RevB_SetFrequency
 .text.MXC_UART_RevB_GetFrequency
                0x10001ac8       0x88 C:/Users/ABogovik/Documents/msdk/Libraries/PeriphDrivers/bin/MAX32672/softfp/libPeriphDriver_softfp.a(uart_revb.o)
                0x10001ac8                MXC_UART_RevB_GetFrequency
 .text.MXC_UART_RevB_SetDataSize
                0x10001b50       0x4c C:/Users/ABogovik/Documents/msdk/Libraries/PeriphDrivers/bin/MAX32672/softfp/libPeriphDriver_softfp.a(uart_revb.o)
                0x10001b50                MXC_UART_RevB_SetDataSize
 .text.MXC_UART_RevB_SetStopBits
                0x10001b9c       0x50 C:/Users/ABogovik/Documents/msdk/Libraries/PeriphDrivers/bin/MAX32672/softfp/libPeriphDriver_softfp.a(uart_revb.o)
                0x10001b9c                MXC_UART_RevB_SetStopBits
 .text.MXC_UART_RevB_SetParity
                0x10001bec       0xbc C:/Users/ABogovik/Documents/msdk/Libraries/PeriphDrivers/bin/MAX32672/softfp/libPeriphDriver_softfp.a(uart_revb.o)
                0x10001bec                MXC_UART_RevB_SetParity
 .text.MXC_UART_RevB_ReadCharacterRaw
                0x10001ca8       0x40 C:/Users/ABogovik/Documents/msdk/Libraries/PeriphDrivers/bin/MAX32672/softfp/libPeriphDriver_softfp.a(uart_revb.o)
                0x10001ca8                MXC_UART_RevB_ReadCharacterRaw
 .text.MXC_UART_RevB_WriteCharacterRaw
                0x10001ce8       0x40 C:/Users/ABogovik/Documents/msdk/Libraries/PeriphDrivers/bin/MAX32672/softfp/libPeriphDriver_softfp.a(uart_revb.o)
                0x10001ce8                MXC_UART_RevB_WriteCharacterRaw
 .text.MXC_UART_RevB_GetRXFIFOAvailable
                0x10001d28        0x8 C:/Users/ABogovik/Documents/msdk/Libraries/PeriphDrivers/bin/MAX32672/softfp/libPeriphDriver_softfp.a(uart_revb.o)
                0x10001d28                MXC_UART_RevB_GetRXFIFOAvailable
 .text.MXC_UART_RevB_GetTXFIFOAvailable
                0x10001d30        0xc C:/Users/ABogovik/Documents/msdk/Libraries/PeriphDrivers/bin/MAX32672/softfp/libPeriphDriver_softfp.a(uart_revb.o)
                0x10001d30                MXC_UART_RevB_GetTXFIFOAvailable
 .text.MXC_UART_RevB_SetRXThreshold
                0x10001d3c       0x4c C:/Users/ABogovik/Documents/msdk/Libraries/PeriphDrivers/bin/MAX32672/softfp/libPeriphDriver_softfp.a(uart_revb.o)
                0x10001d3c                MXC_UART_RevB_SetRXThreshold
 .text.MXC_UART_RevB_ClearFlags
                0x10001d88       0x34 C:/Users/ABogovik/Documents/msdk/Libraries/PeriphDrivers/bin/MAX32672/softfp/libPeriphDriver_softfp.a(uart_revb.o)
                0x10001d88                MXC_UART_RevB_ClearFlags
 .text.MXC_UART_RevB_DisableInt
                0x10001dbc       0x38 C:/Users/ABogovik/Documents/msdk/Libraries/PeriphDrivers/bin/MAX32672/softfp/libPeriphDriver_softfp.a(uart_revb.o)
                0x10001dbc                MXC_UART_RevB_DisableInt
 .text.MXC_UART_RevB_SetAutoDMAHandlers
                0x10001df4       0x50 C:/Users/ABogovik/Documents/msdk/Libraries/PeriphDrivers/bin/MAX32672/softfp/libPeriphDriver_softfp.a(uart_revb.o)
                0x10001df4                MXC_UART_RevB_SetAutoDMAHandlers
 .text.MXC_UART_RevB_DMA_SetupAutoHandlers
                0x10001e44       0x84 C:/Users/ABogovik/Documents/msdk/Libraries/PeriphDrivers/bin/MAX32672/softfp/libPeriphDriver_softfp.a(uart_revb.o)
                0x10001e44                MXC_UART_RevB_DMA_SetupAutoHandlers
 .text.MXC_UART_RevB_SetTXDMAChannel
                0x10001ec8       0x50 C:/Users/ABogovik/Documents/msdk/Libraries/PeriphDrivers/bin/MAX32672/softfp/libPeriphDriver_softfp.a(uart_revb.o)
                0x10001ec8                MXC_UART_RevB_SetTXDMAChannel
 .text.MXC_UART_RevB_GetTXDMAChannel
                0x10001f18       0x4c C:/Users/ABogovik/Documents/msdk/Libraries/PeriphDrivers/bin/MAX32672/softfp/libPeriphDriver_softfp.a(uart_revb.o)
                0x10001f18                MXC_UART_RevB_GetTXDMAChannel
 .text.MXC_UART_RevB_SetRXDMAChannel
                0x10001f64       0x50 C:/Users/ABogovik/Documents/msdk/Libraries/PeriphDrivers/bin/MAX32672/softfp/libPeriphDriver_softfp.a(uart_revb.o)
                0x10001f64                MXC_UART_RevB_SetRXDMAChannel
 .text.MXC_UART_RevB_GetRXDMAChannel
                0x10001fb4       0x4c C:/Users/ABogovik/Documents/msdk/Libraries/PeriphDrivers/bin/MAX32672/softfp/libPeriphDriver_softfp.a(uart_revb.o)
                0x10001fb4                MXC_UART_RevB_GetRXDMAChannel
 .text.MXC_UART_RevB_ReadRXFIFODMA
                0x10002000      0x10c C:/Users/ABogovik/Documents/msdk/Libraries/PeriphDrivers/bin/MAX32672/softfp/libPeriphDriver_softfp.a(uart_revb.o)
                0x10002000                MXC_UART_RevB_ReadRXFIFODMA
 .text.MXC_UART_RevB_WriteTXFIFODMA
                0x1000210c      0x10c C:/Users/ABogovik/Documents/msdk/Libraries/PeriphDrivers/bin/MAX32672/softfp/libPeriphDriver_softfp.a(uart_revb.o)
                0x1000210c                MXC_UART_RevB_WriteTXFIFODMA
 .text.MXC_UART_RevB_TransactionDMA
                0x10002218       0xf0 C:/Users/ABogovik/Documents/msdk/Libraries/PeriphDrivers/bin/MAX32672/softfp/libPeriphDriver_softfp.a(uart_revb.o)
                0x10002218                MXC_UART_RevB_TransactionDMA
 .text.MXC_UART_RevB_DMACallback
                0x10002308       0xf8 C:/Users/ABogovik/Documents/msdk/Libraries/PeriphDrivers/bin/MAX32672/softfp/libPeriphDriver_softfp.a(uart_revb.o)
                0x10002308                MXC_UART_RevB_DMACallback
 .text.MXC_GetLock
                0x10002400       0x1c C:/Users/ABogovik/Documents/msdk/Libraries/PeriphDrivers/bin/MAX32672/softfp/libPeriphDriver_softfp.a(mxc_lock.o)
                0x10002400                MXC_GetLock
 .text.MXC_FreeLock
                0x1000241c        0xa C:/Users/ABogovik/Documents/msdk/Libraries/PeriphDrivers/bin/MAX32672/softfp/libPeriphDriver_softfp.a(mxc_lock.o)
                0x1000241c                MXC_FreeLock
 *fill*         0x10002426        0x2 
 .text.NVIC_SetRAM
                0x10002428       0x24 C:/Users/ABogovik/Documents/msdk/Libraries/PeriphDrivers/bin/MAX32672/softfp/libPeriphDriver_softfp.a(nvic_table.o)
                0x10002428                NVIC_SetRAM
 .text.MXC_NVIC_SetVector
                0x1000244c       0x44 C:/Users/ABogovik/Documents/msdk/Libraries/PeriphDrivers/bin/MAX32672/softfp/libPeriphDriver_softfp.a(nvic_table.o)
                0x1000244c                MXC_NVIC_SetVector
 .text.MXC_GPIO_Common_Init
                0x10002490       0x40 C:/Users/ABogovik/Documents/msdk/Libraries/PeriphDrivers/bin/MAX32672/softfp/libPeriphDriver_softfp.a(gpio_common.o)
                0x10002490                MXC_GPIO_Common_Init
 .text.MXC_GPIO_Common_Handler
                0x100024d0       0x78 C:/Users/ABogovik/Documents/msdk/Libraries/PeriphDrivers/bin/MAX32672/softfp/libPeriphDriver_softfp.a(gpio_common.o)
                0x100024d0                MXC_GPIO_Common_Handler
 .text.MXC_UART_Common_ReadCharacter
                0x10002548       0x16 C:/Users/ABogovik/Documents/msdk/Libraries/PeriphDrivers/bin/MAX32672/softfp/libPeriphDriver_softfp.a(uart_common.o)
                0x10002548                MXC_UART_Common_ReadCharacter
 .text.MXC_UART_Common_WriteCharacter
                0x1000255e       0x1a C:/Users/ABogovik/Documents/msdk/Libraries/PeriphDrivers/bin/MAX32672/softfp/libPeriphDriver_softfp.a(uart_common.o)
                0x1000255e                MXC_UART_Common_WriteCharacter
 .text.__errno  0x10002578        0xc c:/users/abogovik/documents/msdk/tools/gnutools/10.3/bin/../lib/gcc/arm-none-eabi/10.3.1/../../../../arm-none-eabi/lib/thumb/v7e-m+fp/softfp\libc.a(lib_a-errno.o)
                0x10002578                __errno
 .text.__libc_init_array
                0x10002584       0x48 c:/users/abogovik/documents/msdk/tools/gnutools/10.3/bin/../lib/gcc/arm-none-eabi/10.3.1/../../../../arm-none-eabi/lib/thumb/v7e-m+fp/softfp\libc.a(lib_a-init.o)
                0x10002584                __libc_init_array
 .text.memcmp   0x100025cc       0x64 c:/users/abogovik/documents/msdk/tools/gnutools/10.3/bin/../lib/gcc/arm-none-eabi/10.3.1/../../../../arm-none-eabi/lib/thumb/v7e-m+fp/softfp\libc.a(lib_a-memcmp.o)
                0x100025cc                memcmp
 .text          0x10002630      0x134 c:/users/abogovik/documents/msdk/tools/gnutools/10.3/bin/../lib/gcc/arm-none-eabi/10.3.1/../../../../arm-none-eabi/lib/thumb/v7e-m+fp/softfp\libc.a(lib_a-memcpy.o)
                0x10002630                memcpy
 .text.memset   0x10002764       0xa4 c:/users/abogovik/documents/msdk/tools/gnutools/10.3/bin/../lib/gcc/arm-none-eabi/10.3.1/../../../../arm-none-eabi/lib/thumb/v7e-m+fp/softfp\libc.a(lib_a-memset.o)
                0x10002764                memset
 .text.printf   0x10002808       0x28 c:/users/abogovik/documents/msdk/tools/gnutools/10.3/bin/../lib/gcc/arm-none-eabi/10.3.1/../../../../arm-none-eabi/lib/thumb/v7e-m+fp/softfp\libc.a(lib_a-printf.o)
                0x10002808                printf
 .text._puts_r  0x10002830       0x9c c:/users/abogovik/documents/msdk/tools/gnutools/10.3/bin/../lib/gcc/arm-none-eabi/10.3.1/../../../../arm-none-eabi/lib/thumb/v7e-m+fp/softfp\libc.a(lib_a-puts.o)
                0x10002830                _puts_r
 .text.puts     0x100028cc       0x10 c:/users/abogovik/documents/msdk/tools/gnutools/10.3/bin/../lib/gcc/arm-none-eabi/10.3.1/../../../../arm-none-eabi/lib/thumb/v7e-m+fp/softfp\libc.a(lib_a-puts.o)
                0x100028cc                puts
 *fill*         0x100028dc       0x24 
 .text          0x10002900       0xdc c:/users/abogovik/documents/msdk/tools/gnutools/10.3/bin/../lib/gcc/arm-none-eabi/10.3.1/../../../../arm-none-eabi/lib/thumb/v7e-m+fp/softfp\libc.a(lib_a-strlen.o)
                0x10002900                strlen
 *fill*         0x100029dc        0x4 
 .text._vfprintf_r
                0x100029e0     0x1b8c c:/users/abogovik/documents/msdk/tools/gnutools/10.3/bin/../lib/gcc/arm-none-eabi/10.3.1/../../../../arm-none-eabi/lib/thumb/v7e-m+fp/softfp\libc.a(lib_a-vfprintf.o)
                0x100029e0                _vfprintf_r
 .text.__sbprintf
                0x1000456c       0x80 c:/users/abogovik/documents/msdk/tools/gnutools/10.3/bin/../lib/gcc/arm-none-eabi/10.3.1/../../../../arm-none-eabi/lib/thumb/v7e-m+fp/softfp\libc.a(lib_a-vfprintf.o)
 .text.__swsetup_r
                0x100045ec       0xd4 c:/users/abogovik/documents/msdk/tools/gnutools/10.3/bin/../lib/gcc/arm-none-eabi/10.3.1/../../../../arm-none-eabi/lib/thumb/v7e-m+fp/softfp\libc.a(lib_a-wsetup.o)
                0x100045ec                __swsetup_r
 .text.startup.register_fini
                0x100046c0       0x14 c:/users/abogovik/documents/msdk/tools/gnutools/10.3/bin/../lib/gcc/arm-none-eabi/10.3.1/../../../../arm-none-eabi/lib/thumb/v7e-m+fp/softfp\libc.a(lib_a-__call_atexit.o)
 .text.atexit   0x100046d4        0xc c:/users/abogovik/documents/msdk/tools/gnutools/10.3/bin/../lib/gcc/arm-none-eabi/10.3.1/../../../../arm-none-eabi/lib/thumb/v7e-m+fp/softfp\libc.a(lib_a-atexit.o)
                0x100046d4                atexit
 .text.quorem   0x100046e0      0x128 c:/users/abogovik/documents/msdk/tools/gnutools/10.3/bin/../lib/gcc/arm-none-eabi/10.3.1/../../../../arm-none-eabi/lib/thumb/v7e-m+fp/softfp\libc.a(lib_a-dtoa.o)
 .text._dtoa_r  0x10004808      0xf34 c:/users/abogovik/documents/msdk/tools/gnutools/10.3/bin/../lib/gcc/arm-none-eabi/10.3.1/../../../../arm-none-eabi/lib/thumb/v7e-m+fp/softfp\libc.a(lib_a-dtoa.o)
                0x10004808                _dtoa_r
 .text.__sflush_r
                0x1000573c      0x130 c:/users/abogovik/documents/msdk/tools/gnutools/10.3/bin/../lib/gcc/arm-none-eabi/10.3.1/../../../../arm-none-eabi/lib/thumb/v7e-m+fp/softfp\libc.a(lib_a-fflush.o)
                0x1000573c                __sflush_r
 .text._fflush_r
                0x1000586c       0x5c c:/users/abogovik/documents/msdk/tools/gnutools/10.3/bin/../lib/gcc/arm-none-eabi/10.3.1/../../../../arm-none-eabi/lib/thumb/v7e-m+fp/softfp\libc.a(lib_a-fflush.o)
                0x1000586c                _fflush_r
 .text._cleanup_r
                0x100058c8        0xc c:/users/abogovik/documents/msdk/tools/gnutools/10.3/bin/../lib/gcc/arm-none-eabi/10.3.1/../../../../arm-none-eabi/lib/thumb/v7e-m+fp/softfp\libc.a(lib_a-findfp.o)
                0x100058c8                _cleanup_r
 .text.__sinit  0x100058d4      0x10c c:/users/abogovik/documents/msdk/tools/gnutools/10.3/bin/../lib/gcc/arm-none-eabi/10.3.1/../../../../arm-none-eabi/lib/thumb/v7e-m+fp/softfp\libc.a(lib_a-findfp.o)
                0x100058d4                __sinit
 .text.__sfp_lock_acquire
                0x100059e0        0xc c:/users/abogovik/documents/msdk/tools/gnutools/10.3/bin/../lib/gcc/arm-none-eabi/10.3.1/../../../../arm-none-eabi/lib/thumb/v7e-m+fp/softfp\libc.a(lib_a-findfp.o)
                0x100059e0                __sfp_lock_acquire
 .text.__sfp_lock_release
                0x100059ec        0xc c:/users/abogovik/documents/msdk/tools/gnutools/10.3/bin/../lib/gcc/arm-none-eabi/10.3.1/../../../../arm-none-eabi/lib/thumb/v7e-m+fp/softfp\libc.a(lib_a-findfp.o)
                0x100059ec                __sfp_lock_release
 .text.__libc_fini_array
                0x100059f8       0x2c c:/users/abogovik/documents/msdk/tools/gnutools/10.3/bin/../lib/gcc/arm-none-eabi/10.3.1/../../../../arm-none-eabi/lib/thumb/v7e-m+fp/softfp\libc.a(lib_a-fini.o)
                0x100059f8                __libc_fini_array
 .text._malloc_trim_r
                0x10005a24       0xa0 c:/users/abogovik/documents/msdk/tools/gnutools/10.3/bin/../lib/gcc/arm-none-eabi/10.3.1/../../../../arm-none-eabi/lib/thumb/v7e-m+fp/softfp\libc.a(lib_a-freer.o)
                0x10005a24                _malloc_trim_r
 .text._free_r  0x10005ac4      0x20c c:/users/abogovik/documents/msdk/tools/gnutools/10.3/bin/../lib/gcc/arm-none-eabi/10.3.1/../../../../arm-none-eabi/lib/thumb/v7e-m+fp/softfp\libc.a(lib_a-freer.o)
                0x10005ac4                _free_r
 .text.__sfvwrite_r
                0x10005cd0      0x2f0 c:/users/abogovik/documents/msdk/tools/gnutools/10.3/bin/../lib/gcc/arm-none-eabi/10.3.1/../../../../arm-none-eabi/lib/thumb/v7e-m+fp/softfp\libc.a(lib_a-fvwrite.o)
                0x10005cd0                __sfvwrite_r
 .text._fwalk_reent
                0x10005fc0       0x48 c:/users/abogovik/documents/msdk/tools/gnutools/10.3/bin/../lib/gcc/arm-none-eabi/10.3.1/../../../../arm-none-eabi/lib/thumb/v7e-m+fp/softfp\libc.a(lib_a-fwalk.o)
                0x10005fc0                _fwalk_reent
 .text._localeconv_r
                0x10006008        0x8 c:/users/abogovik/documents/msdk/tools/gnutools/10.3/bin/../lib/gcc/arm-none-eabi/10.3.1/../../../../arm-none-eabi/lib/thumb/v7e-m+fp/softfp\libc.a(lib_a-localeconv.o)
                0x10006008                _localeconv_r
 .text.__retarget_lock_init_recursive
                0x10006010        0x4 c:/users/abogovik/documents/msdk/tools/gnutools/10.3/bin/../lib/gcc/arm-none-eabi/10.3.1/../../../../arm-none-eabi/lib/thumb/v7e-m+fp/softfp\libc.a(lib_a-lock.o)
                0x10006010                __retarget_lock_init_recursive
 .text.__retarget_lock_close_recursive
                0x10006014        0x4 c:/users/abogovik/documents/msdk/tools/gnutools/10.3/bin/../lib/gcc/arm-none-eabi/10.3.1/../../../../arm-none-eabi/lib/thumb/v7e-m+fp/softfp\libc.a(lib_a-lock.o)
                0x10006014                __retarget_lock_close_recursive
 .text.__retarget_lock_acquire_recursive
                0x10006018        0x4 c:/users/abogovik/documents/msdk/tools/gnutools/10.3/bin/../lib/gcc/arm-none-eabi/10.3.1/../../../../arm-none-eabi/lib/thumb/v7e-m+fp/softfp\libc.a(lib_a-lock.o)
                0x10006018                __retarget_lock_acquire_recursive
 .text.__retarget_lock_release_recursive
                0x1000601c        0x4 c:/users/abogovik/documents/msdk/tools/gnutools/10.3/bin/../lib/gcc/arm-none-eabi/10.3.1/../../../../arm-none-eabi/lib/thumb/v7e-m+fp/softfp\libc.a(lib_a-lock.o)
                0x1000601c                __retarget_lock_release_recursive
 .text.__smakebuf_r
                0x10006020       0xe0 c:/users/abogovik/documents/msdk/tools/gnutools/10.3/bin/../lib/gcc/arm-none-eabi/10.3.1/../../../../arm-none-eabi/lib/thumb/v7e-m+fp/softfp\libc.a(lib_a-makebuf.o)
                0x10006020                __smakebuf_r
 .text._malloc_r
                0x10006100      0x560 c:/users/abogovik/documents/msdk/tools/gnutools/10.3/bin/../lib/gcc/arm-none-eabi/10.3.1/../../../../arm-none-eabi/lib/thumb/v7e-m+fp/softfp\libc.a(lib_a-mallocr.o)
                0x10006100                _malloc_r
 .text          0x10006660       0xa0 c:/users/abogovik/documents/msdk/tools/gnutools/10.3/bin/../lib/gcc/arm-none-eabi/10.3.1/../../../../arm-none-eabi/lib/thumb/v7e-m+fp/softfp\libc.a(lib_a-memchr.o)
                0x10006660                memchr
 .text.memmove  0x10006700       0xf8 c:/users/abogovik/documents/msdk/tools/gnutools/10.3/bin/../lib/gcc/arm-none-eabi/10.3.1/../../../../arm-none-eabi/lib/thumb/v7e-m+fp/softfp\libc.a(lib_a-memmove.o)
                0x10006700                memmove
 .text.__malloc_lock
                0x100067f8        0xc c:/users/abogovik/documents/msdk/tools/gnutools/10.3/bin/../lib/gcc/arm-none-eabi/10.3.1/../../../../arm-none-eabi/lib/thumb/v7e-m+fp/softfp\libc.a(lib_a-mlock.o)
                0x100067f8                __malloc_lock
 .text.__malloc_unlock
                0x10006804        0xc c:/users/abogovik/documents/msdk/tools/gnutools/10.3/bin/../lib/gcc/arm-none-eabi/10.3.1/../../../../arm-none-eabi/lib/thumb/v7e-m+fp/softfp\libc.a(lib_a-mlock.o)
                0x10006804                __malloc_unlock
 .text._Balloc  0x10006810       0x4c c:/users/abogovik/documents/msdk/tools/gnutools/10.3/bin/../lib/gcc/arm-none-eabi/10.3.1/../../../../arm-none-eabi/lib/thumb/v7e-m+fp/softfp\libc.a(lib_a-mprec.o)
                0x10006810                _Balloc
 .text._Bfree   0x1000685c       0x14 c:/users/abogovik/documents/msdk/tools/gnutools/10.3/bin/../lib/gcc/arm-none-eabi/10.3.1/../../../../arm-none-eabi/lib/thumb/v7e-m+fp/softfp\libc.a(lib_a-mprec.o)
                0x1000685c                _Bfree
 .text.__multadd
                0x10006870       0xa8 c:/users/abogovik/documents/msdk/tools/gnutools/10.3/bin/../lib/gcc/arm-none-eabi/10.3.1/../../../../arm-none-eabi/lib/thumb/v7e-m+fp/softfp\libc.a(lib_a-mprec.o)
                0x10006870                __multadd
 .text.__hi0bits
                0x10006918       0x40 c:/users/abogovik/documents/msdk/tools/gnutools/10.3/bin/../lib/gcc/arm-none-eabi/10.3.1/../../../../arm-none-eabi/lib/thumb/v7e-m+fp/softfp\libc.a(lib_a-mprec.o)
                0x10006918                __hi0bits
 .text.__lo0bits
                0x10006958       0x60 c:/users/abogovik/documents/msdk/tools/gnutools/10.3/bin/../lib/gcc/arm-none-eabi/10.3.1/../../../../arm-none-eabi/lib/thumb/v7e-m+fp/softfp\libc.a(lib_a-mprec.o)
                0x10006958                __lo0bits
 .text.__i2b    0x100069b8       0x5c c:/users/abogovik/documents/msdk/tools/gnutools/10.3/bin/../lib/gcc/arm-none-eabi/10.3.1/../../../../arm-none-eabi/lib/thumb/v7e-m+fp/softfp\libc.a(lib_a-mprec.o)
                0x100069b8                __i2b
 .text.__multiply
                0x10006a14      0x15c c:/users/abogovik/documents/msdk/tools/gnutools/10.3/bin/../lib/gcc/arm-none-eabi/10.3.1/../../../../arm-none-eabi/lib/thumb/v7e-m+fp/softfp\libc.a(lib_a-mprec.o)
                0x10006a14                __multiply
 .text.__pow5mult
                0x10006b70       0xc0 c:/users/abogovik/documents/msdk/tools/gnutools/10.3/bin/../lib/gcc/arm-none-eabi/10.3.1/../../../../arm-none-eabi/lib/thumb/v7e-m+fp/softfp\libc.a(lib_a-mprec.o)
                0x10006b70                __pow5mult
 .text.__lshift
                0x10006c30       0xf0 c:/users/abogovik/documents/msdk/tools/gnutools/10.3/bin/../lib/gcc/arm-none-eabi/10.3.1/../../../../arm-none-eabi/lib/thumb/v7e-m+fp/softfp\libc.a(lib_a-mprec.o)
                0x10006c30                __lshift
 .text.__mcmp   0x10006d20       0x44 c:/users/abogovik/documents/msdk/tools/gnutools/10.3/bin/../lib/gcc/arm-none-eabi/10.3.1/../../../../arm-none-eabi/lib/thumb/v7e-m+fp/softfp\libc.a(lib_a-mprec.o)
                0x10006d20                __mcmp
 .text.__mdiff  0x10006d64      0x14c c:/users/abogovik/documents/msdk/tools/gnutools/10.3/bin/../lib/gcc/arm-none-eabi/10.3.1/../../../../arm-none-eabi/lib/thumb/v7e-m+fp/softfp\libc.a(lib_a-mprec.o)
                0x10006d64                __mdiff
 .text.__d2b    0x10006eb0       0xc4 c:/users/abogovik/documents/msdk/tools/gnutools/10.3/bin/../lib/gcc/arm-none-eabi/10.3.1/../../../../arm-none-eabi/lib/thumb/v7e-m+fp/softfp\libc.a(lib_a-mprec.o)
                0x10006eb0                __d2b
 .text._realloc_r
                0x10006f74      0x3d8 c:/users/abogovik/documents/msdk/tools/gnutools/10.3/bin/../lib/gcc/arm-none-eabi/10.3.1/../../../../arm-none-eabi/lib/thumb/v7e-m+fp/softfp\libc.a(lib_a-reallocr.o)
                0x10006f74                _realloc_r
 .text.frexp    0x1000734c       0x70 c:/users/abogovik/documents/msdk/tools/gnutools/10.3/bin/../lib/gcc/arm-none-eabi/10.3.1/../../../../arm-none-eabi/lib/thumb/v7e-m+fp/softfp\libc.a(lib_a-s_frexp.o)
                0x1000734c                frexp
 .text._sbrk_r  0x100073bc       0x24 c:/users/abogovik/documents/msdk/tools/gnutools/10.3/bin/../lib/gcc/arm-none-eabi/10.3.1/../../../../arm-none-eabi/lib/thumb/v7e-m+fp/softfp\libc.a(lib_a-sbrkr.o)
                0x100073bc                _sbrk_r
 .text.__sread  0x100073e0       0x24 c:/users/abogovik/documents/msdk/tools/gnutools/10.3/bin/../lib/gcc/arm-none-eabi/10.3.1/../../../../arm-none-eabi/lib/thumb/v7e-m+fp/softfp\libc.a(lib_a-stdio.o)
                0x100073e0                __sread
 .text.__swrite
                0x10007404       0x40 c:/users/abogovik/documents/msdk/tools/gnutools/10.3/bin/../lib/gcc/arm-none-eabi/10.3.1/../../../../arm-none-eabi/lib/thumb/v7e-m+fp/softfp\libc.a(lib_a-stdio.o)
                0x10007404                __swrite
 .text.__sseek  0x10007444       0x20 c:/users/abogovik/documents/msdk/tools/gnutools/10.3/bin/../lib/gcc/arm-none-eabi/10.3.1/../../../../arm-none-eabi/lib/thumb/v7e-m+fp/softfp\libc.a(lib_a-stdio.o)
                0x10007444                __sseek
 .text.__sclose
                0x10007464        0x8 c:/users/abogovik/documents/msdk/tools/gnutools/10.3/bin/../lib/gcc/arm-none-eabi/10.3.1/../../../../arm-none-eabi/lib/thumb/v7e-m+fp/softfp\libc.a(lib_a-stdio.o)
                0x10007464                __sclose
 .text.strncpy  0x1000746c       0x64 c:/users/abogovik/documents/msdk/tools/gnutools/10.3/bin/../lib/gcc/arm-none-eabi/10.3.1/../../../../arm-none-eabi/lib/thumb/v7e-m+fp/softfp\libc.a(lib_a-strncpy.o)
                0x1000746c                strncpy
 .text.__sprint_r.part.0
                0x100074d0       0x78 c:/users/abogovik/documents/msdk/tools/gnutools/10.3/bin/../lib/gcc/arm-none-eabi/10.3.1/../../../../arm-none-eabi/lib/thumb/v7e-m+fp/softfp\libc.a(lib_a-vfiprintf.o)
 .text.__sprint_r
                0x10007548       0x18 c:/users/abogovik/documents/msdk/tools/gnutools/10.3/bin/../lib/gcc/arm-none-eabi/10.3.1/../../../../arm-none-eabi/lib/thumb/v7e-m+fp/softfp\libc.a(lib_a-vfiprintf.o)
                0x10007548                __sprint_r
 .text._vfiprintf_r
                0x10007560      0xdfc c:/users/abogovik/documents/msdk/tools/gnutools/10.3/bin/../lib/gcc/arm-none-eabi/10.3.1/../../../../arm-none-eabi/lib/thumb/v7e-m+fp/softfp\libc.a(lib_a-vfiprintf.o)
                0x10007560                _vfiprintf_r
 .text.__sbprintf
                0x1000835c       0x80 c:/users/abogovik/documents/msdk/tools/gnutools/10.3/bin/../lib/gcc/arm-none-eabi/10.3.1/../../../../arm-none-eabi/lib/thumb/v7e-m+fp/softfp\libc.a(lib_a-vfiprintf.o)
 .text._write_r
                0x100083dc       0x2c c:/users/abogovik/documents/msdk/tools/gnutools/10.3/bin/../lib/gcc/arm-none-eabi/10.3.1/../../../../arm-none-eabi/lib/thumb/v7e-m+fp/softfp\libc.a(lib_a-writer.o)
                0x100083dc                _write_r
 .text.__register_exitproc
                0x10008408       0x8c c:/users/abogovik/documents/msdk/tools/gnutools/10.3/bin/../lib/gcc/arm-none-eabi/10.3.1/../../../../arm-none-eabi/lib/thumb/v7e-m+fp/softfp\libc.a(lib_a-__atexit.o)
                0x10008408                __register_exitproc
 .text.__assert_func
                0x10008494       0x40 c:/users/abogovik/documents/msdk/tools/gnutools/10.3/bin/../lib/gcc/arm-none-eabi/10.3.1/../../../../arm-none-eabi/lib/thumb/v7e-m+fp/softfp\libc.a(lib_a-assert.o)
                0x10008494                __assert_func
 .text._calloc_r
                0x100084d4       0x78 c:/users/abogovik/documents/msdk/tools/gnutools/10.3/bin/../lib/gcc/arm-none-eabi/10.3.1/../../../../arm-none-eabi/lib/thumb/v7e-m+fp/softfp\libc.a(lib_a-callocr.o)
                0x100084d4                _calloc_r
 .text._close_r
                0x1000854c       0x24 c:/users/abogovik/documents/msdk/tools/gnutools/10.3/bin/../lib/gcc/arm-none-eabi/10.3.1/../../../../arm-none-eabi/lib/thumb/v7e-m+fp/softfp\libc.a(lib_a-closer.o)
                0x1000854c                _close_r
 .text._fclose_r
                0x10008570       0xcc c:/users/abogovik/documents/msdk/tools/gnutools/10.3/bin/../lib/gcc/arm-none-eabi/10.3.1/../../../../arm-none-eabi/lib/thumb/v7e-m+fp/softfp\libc.a(lib_a-fclose.o)
                0x10008570                _fclose_r
 .text.fiprintf
                0x1000863c       0x28 c:/users/abogovik/documents/msdk/tools/gnutools/10.3/bin/../lib/gcc/arm-none-eabi/10.3.1/../../../../arm-none-eabi/lib/thumb/v7e-m+fp/softfp\libc.a(lib_a-fiprintf.o)
                0x1000863c                fiprintf
 .text.__fputwc
                0x10008664       0xa8 c:/users/abogovik/documents/msdk/tools/gnutools/10.3/bin/../lib/gcc/arm-none-eabi/10.3.1/../../../../arm-none-eabi/lib/thumb/v7e-m+fp/softfp\libc.a(lib_a-fputwc.o)
                0x10008664                __fputwc
 .text._fputwc_r
                0x1000870c       0x68 c:/users/abogovik/documents/msdk/tools/gnutools/10.3/bin/../lib/gcc/arm-none-eabi/10.3.1/../../../../arm-none-eabi/lib/thumb/v7e-m+fp/softfp\libc.a(lib_a-fputwc.o)
                0x1000870c                _fputwc_r
 .text._fstat_r
                0x10008774       0x2c c:/users/abogovik/documents/msdk/tools/gnutools/10.3/bin/../lib/gcc/arm-none-eabi/10.3.1/../../../../arm-none-eabi/lib/thumb/v7e-m+fp/softfp\libc.a(lib_a-fstatr.o)
                0x10008774                _fstat_r
 .text._isatty_r
                0x100087a0       0x24 c:/users/abogovik/documents/msdk/tools/gnutools/10.3/bin/../lib/gcc/arm-none-eabi/10.3.1/../../../../arm-none-eabi/lib/thumb/v7e-m+fp/softfp\libc.a(lib_a-isattyr.o)
                0x100087a0                _isatty_r
 .text.__locale_mb_cur_max
                0x100087c4        0xc c:/users/abogovik/documents/msdk/tools/gnutools/10.3/bin/../lib/gcc/arm-none-eabi/10.3.1/../../../../arm-none-eabi/lib/thumb/v7e-m+fp/softfp\libc.a(lib_a-locale.o)
                0x100087c4                __locale_mb_cur_max
 .text._lseek_r
                0x100087d0       0x2c c:/users/abogovik/documents/msdk/tools/gnutools/10.3/bin/../lib/gcc/arm-none-eabi/10.3.1/../../../../arm-none-eabi/lib/thumb/v7e-m+fp/softfp\libc.a(lib_a-lseekr.o)
                0x100087d0                _lseek_r
 .text.__ascii_mbtowc
                0x100087fc       0x2c c:/users/abogovik/documents/msdk/tools/gnutools/10.3/bin/../lib/gcc/arm-none-eabi/10.3.1/../../../../arm-none-eabi/lib/thumb/v7e-m+fp/softfp\libc.a(lib_a-mbtowc_r.o)
                0x100087fc                __ascii_mbtowc
 .text._read_r  0x10008828       0x2c c:/users/abogovik/documents/msdk/tools/gnutools/10.3/bin/../lib/gcc/arm-none-eabi/10.3.1/../../../../arm-none-eabi/lib/thumb/v7e-m+fp/softfp\libc.a(lib_a-readr.o)
                0x10008828                _read_r
 .text.__swbuf_r
                0x10008854       0xb0 c:/users/abogovik/documents/msdk/tools/gnutools/10.3/bin/../lib/gcc/arm-none-eabi/10.3.1/../../../../arm-none-eabi/lib/thumb/v7e-m+fp/softfp\libc.a(lib_a-wbuf.o)
                0x10008854                __swbuf_r
 .text._wcrtomb_r
                0x10008904       0x3c c:/users/abogovik/documents/msdk/tools/gnutools/10.3/bin/../lib/gcc/arm-none-eabi/10.3.1/../../../../arm-none-eabi/lib/thumb/v7e-m+fp/softfp\libc.a(lib_a-wcrtomb.o)
                0x10008904                _wcrtomb_r
 .text.__ascii_wctomb
                0x10008940       0x1c c:/users/abogovik/documents/msdk/tools/gnutools/10.3/bin/../lib/gcc/arm-none-eabi/10.3.1/../../../../arm-none-eabi/lib/thumb/v7e-m+fp/softfp\libc.a(lib_a-wctomb_r.o)
                0x10008940                __ascii_wctomb
 .text.abort    0x1000895c       0x10 c:/users/abogovik/documents/msdk/tools/gnutools/10.3/bin/../lib/gcc/arm-none-eabi/10.3.1/../../../../arm-none-eabi/lib/thumb/v7e-m+fp/softfp\libc.a(lib_a-abort.o)
                0x1000895c                abort
 .text.raise    0x1000896c       0x5c c:/users/abogovik/documents/msdk/tools/gnutools/10.3/bin/../lib/gcc/arm-none-eabi/10.3.1/../../../../arm-none-eabi/lib/thumb/v7e-m+fp/softfp\libc.a(lib_a-signal.o)
                0x1000896c                raise
 .text._kill_r  0x100089c8       0x2c c:/users/abogovik/documents/msdk/tools/gnutools/10.3/bin/../lib/gcc/arm-none-eabi/10.3.1/../../../../arm-none-eabi/lib/thumb/v7e-m+fp/softfp\libc.a(lib_a-signalr.o)
                0x100089c8                _kill_r
 .text._getpid_r
                0x100089f4        0x4 c:/users/abogovik/documents/msdk/tools/gnutools/10.3/bin/../lib/gcc/arm-none-eabi/10.3.1/../../../../arm-none-eabi/lib/thumb/v7e-m+fp/softfp\libc.a(lib_a-signalr.o)
                0x100089f4                _getpid_r
 .text._exit    0x100089f8        0x4 c:/users/abogovik/documents/msdk/tools/gnutools/10.3/bin/../lib/gcc/arm-none-eabi/10.3.1/../../../../arm-none-eabi/lib/thumb/v7e-m+fp/softfp\libnosys.a(_exit.o)
                0x100089f8                _exit
 .text          0x100089fc      0x378 c:/users/abogovik/documents/msdk/tools/gnutools/10.3/bin/../lib/gcc/arm-none-eabi/10.3.1/thumb/v7e-m+fp/softfp\libgcc.a(_arm_addsubdf3.o)
                0x100089fc                __aeabi_drsub
                0x10008a04                __aeabi_dsub
                0x10008a04                __subdf3
                0x10008a08                __aeabi_dadd
                0x10008a08                __adddf3
                0x10008c80                __floatunsidf
                0x10008c80                __aeabi_ui2d
                0x10008ca0                __floatsidf
                0x10008ca0                __aeabi_i2d
                0x10008cc4                __aeabi_f2d
                0x10008cc4                __extendsfdf2
                0x10008d08                __floatundidf
                0x10008d08                __aeabi_ul2d
                0x10008d18                __floatdidf
                0x10008d18                __aeabi_l2d
 .text          0x10008d74      0x424 c:/users/abogovik/documents/msdk/tools/gnutools/10.3/bin/../lib/gcc/arm-none-eabi/10.3.1/thumb/v7e-m+fp/softfp\libgcc.a(_arm_muldivdf3.o)
                0x10008d74                __aeabi_dmul
                0x10008d74                __muldf3
                0x10008fc8                __divdf3
                0x10008fc8                __aeabi_ddiv
 .text          0x10009198      0x110 c:/users/abogovik/documents/msdk/tools/gnutools/10.3/bin/../lib/gcc/arm-none-eabi/10.3.1/thumb/v7e-m+fp/softfp\libgcc.a(_arm_cmpdf2.o)
                0x10009198                __gtdf2
                0x10009198                __gedf2
                0x100091a0                __ltdf2
                0x100091a0                __ledf2
                0x100091a8                __nedf2
                0x100091a8                __eqdf2
                0x100091a8                __cmpdf2
                0x10009224                __aeabi_cdrcmple
                0x10009234                __aeabi_cdcmpeq
                0x10009234                __aeabi_cdcmple
                0x10009244                __aeabi_dcmpeq
                0x10009258                __aeabi_dcmplt
                0x1000926c                __aeabi_dcmple
                0x10009280                __aeabi_dcmpge
                0x10009294                __aeabi_dcmpgt
 .text          0x100092a8       0x2c c:/users/abogovik/documents/msdk/tools/gnutools/10.3/bin/../lib/gcc/arm-none-eabi/10.3.1/thumb/v7e-m+fp/softfp\libgcc.a(_arm_unorddf2.o)
                0x100092a8                __unorddf2
                0x100092a8                __aeabi_dcmpun
 .text          0x100092d4       0x50 c:/users/abogovik/documents/msdk/tools/gnutools/10.3/bin/../lib/gcc/arm-none-eabi/10.3.1/thumb/v7e-m+fp/softfp\libgcc.a(_arm_fixdfsi.o)
                0x100092d4                __aeabi_d2iz
                0x100092d4                __fixdfsi
 .text          0x10009324       0x30 c:/users/abogovik/documents/msdk/tools/gnutools/10.3/bin/../lib/gcc/arm-none-eabi/10.3.1/thumb/v7e-m+fp/softfp\libgcc.a(_aeabi_uldivmod.o)
                0x10009324                __aeabi_uldivmod
 .text          0x10009354      0x2d0 c:/users/abogovik/documents/msdk/tools/gnutools/10.3/bin/../lib/gcc/arm-none-eabi/10.3.1/thumb/v7e-m+fp/softfp\libgcc.a(_udivmoddi4.o)
                0x10009354                __udivmoddi4
 .text          0x10009624        0x4 c:/users/abogovik/documents/msdk/tools/gnutools/10.3/bin/../lib/gcc/arm-none-eabi/10.3.1/thumb/v7e-m+fp/softfp\libgcc.a(_dvmd_tls.o)
                0x10009624                __aeabi_idiv0
                0x10009624                __aeabi_ldiv0
 *(.rodata*)
 .rodata.main.str1.4
                0x10009628      0x29a c:/Users/ABogovik/Documents/Eclipse_Workspace/UART_NewAPI_TEST/build/main.o
 *fill*         0x100098c2        0x2 
 .rodata.mxc_assert.str1.4
                0x100098c4       0x19 c:/Users/ABogovik/Documents/Eclipse_Workspace/UART_NewAPI_TEST/build/board.o
 *fill*         0x100098dd        0x3 
 .rodata.Board_Init.str1.4
                0x100098e0       0x59 c:/Users/ABogovik/Documents/Eclipse_Workspace/UART_NewAPI_TEST/build/board.o
 *fill*         0x10009939        0x3 
 .rodata.led_pin
                0x1000993c       0x18 c:/Users/ABogovik/Documents/Eclipse_Workspace/UART_NewAPI_TEST/build/board.o
                0x1000993c                led_pin
 .rodata.num_leds
                0x10009954        0x4 c:/Users/ABogovik/Documents/Eclipse_Workspace/UART_NewAPI_TEST/build/board.o
                0x10009954                num_leds
 .rodata.num_pbs
                0x10009958        0x4 c:/Users/ABogovik/Documents/Eclipse_Workspace/UART_NewAPI_TEST/build/board.o
                0x10009958                num_pbs
 .rodata.pb_pin
                0x1000995c        0xc c:/Users/ABogovik/Documents/Eclipse_Workspace/UART_NewAPI_TEST/build/board.o
                0x1000995c                pb_pin
 .rodata.LED_On.str1.4
                0x10009968       0x53 c:/Users/ABogovik/Documents/Eclipse_Workspace/UART_NewAPI_TEST/build/led.o
 *fill*         0x100099bb        0x1 
 .rodata.MXC_DMA_RevA_Init.str1.4
                0x100099bc       0x65 C:/Users/ABogovik/Documents/msdk/Libraries/PeriphDrivers/bin/MAX32672/softfp/libPeriphDriver_softfp.a(dma_reva.o)
 *fill*         0x10009a21        0x3 
 .rodata.gpio_cfg_hfextclk
                0x10009a24        0xc C:/Users/ABogovik/Documents/msdk/Libraries/PeriphDrivers/bin/MAX32672/softfp/libPeriphDriver_softfp.a(pins_me21.o)
                0x10009a24                gpio_cfg_hfextclk
 .rodata.gpio_cfg_lpextclk
                0x10009a30        0xc C:/Users/ABogovik/Documents/msdk/Libraries/PeriphDrivers/bin/MAX32672/softfp/libPeriphDriver_softfp.a(pins_me21.o)
                0x10009a30                gpio_cfg_lpextclk
 .rodata.gpio_cfg_uart0
                0x10009a3c        0xc C:/Users/ABogovik/Documents/msdk/Libraries/PeriphDrivers/bin/MAX32672/softfp/libPeriphDriver_softfp.a(pins_me21.o)
                0x10009a3c                gpio_cfg_uart0
 .rodata.gpio_cfg_uart1
                0x10009a48        0xc C:/Users/ABogovik/Documents/msdk/Libraries/PeriphDrivers/bin/MAX32672/softfp/libPeriphDriver_softfp.a(pins_me21.o)
                0x10009a48                gpio_cfg_uart1
 .rodata.gpio_cfg_uart2
                0x10009a54        0xc C:/Users/ABogovik/Documents/msdk/Libraries/PeriphDrivers/bin/MAX32672/softfp/libPeriphDriver_softfp.a(pins_me21.o)
                0x10009a54                gpio_cfg_uart2
 .rodata.gpio_cfg_uart3
                0x10009a60        0xc C:/Users/ABogovik/Documents/msdk/Libraries/PeriphDrivers/bin/MAX32672/softfp/libPeriphDriver_softfp.a(pins_me21.o)
                0x10009a60                gpio_cfg_uart3
 .rodata.MXC_GPIO_Common_Handler.str1.4
                0x10009a6c       0x7a C:/Users/ABogovik/Documents/msdk/Libraries/PeriphDrivers/bin/MAX32672/softfp/libPeriphDriver_softfp.a(gpio_common.o)
 *fill*         0x10009ae6        0x2 
 .rodata._global_impure_ptr
                0x10009ae8        0x4 c:/users/abogovik/documents/msdk/tools/gnutools/10.3/bin/../lib/gcc/arm-none-eabi/10.3.1/../../../../arm-none-eabi/lib/thumb/v7e-m+fp/softfp\libc.a(lib_a-impure.o)
                0x10009ae8                _global_impure_ptr
 .rodata._puts_r.str1.4
                0x10009aec        0x2 c:/users/abogovik/documents/msdk/tools/gnutools/10.3/bin/../lib/gcc/arm-none-eabi/10.3.1/../../../../arm-none-eabi/lib/thumb/v7e-m+fp/softfp\libc.a(lib_a-puts.o)
 *fill*         0x10009aee        0x2 
 .rodata._vfprintf_r.str1.4
                0x10009af0       0x42 c:/users/abogovik/documents/msdk/tools/gnutools/10.3/bin/../lib/gcc/arm-none-eabi/10.3.1/../../../../arm-none-eabi/lib/thumb/v7e-m+fp/softfp\libc.a(lib_a-vfprintf.o)
 *fill*         0x10009b32        0x2 
 .rodata.blanks.1
                0x10009b34       0x10 c:/users/abogovik/documents/msdk/tools/gnutools/10.3/bin/../lib/gcc/arm-none-eabi/10.3.1/../../../../arm-none-eabi/lib/thumb/v7e-m+fp/softfp\libc.a(lib_a-vfprintf.o)
 .rodata.zeroes.0
                0x10009b44       0x10 c:/users/abogovik/documents/msdk/tools/gnutools/10.3/bin/../lib/gcc/arm-none-eabi/10.3.1/../../../../arm-none-eabi/lib/thumb/v7e-m+fp/softfp\libc.a(lib_a-vfprintf.o)
 .rodata._dtoa_r.str1.4
                0x10009b54       0xa2 c:/users/abogovik/documents/msdk/tools/gnutools/10.3/bin/../lib/gcc/arm-none-eabi/10.3.1/../../../../arm-none-eabi/lib/thumb/v7e-m+fp/softfp\libc.a(lib_a-dtoa.o)
                                 0xa6 (size before relaxing)
 *fill*         0x10009bf6        0x2 
 .rodata.__multadd.str1.4
                0x10009bf8       0x7f c:/users/abogovik/documents/msdk/tools/gnutools/10.3/bin/../lib/gcc/arm-none-eabi/10.3.1/../../../../arm-none-eabi/lib/thumb/v7e-m+fp/softfp\libc.a(lib_a-mprec.o)
                                 0x93 (size before relaxing)
 *fill*         0x10009c77        0x1 
 .rodata.__mprec_bigtens
                0x10009c78       0x28 c:/users/abogovik/documents/msdk/tools/gnutools/10.3/bin/../lib/gcc/arm-none-eabi/10.3.1/../../../../arm-none-eabi/lib/thumb/v7e-m+fp/softfp\libc.a(lib_a-mprec.o)
                0x10009c78                __mprec_bigtens
 .rodata.__mprec_tens
                0x10009ca0       0xc8 c:/users/abogovik/documents/msdk/tools/gnutools/10.3/bin/../lib/gcc/arm-none-eabi/10.3.1/../../../../arm-none-eabi/lib/thumb/v7e-m+fp/softfp\libc.a(lib_a-mprec.o)
                0x10009ca0                __mprec_tens
 .rodata.p05.0  0x10009d68        0xc c:/users/abogovik/documents/msdk/tools/gnutools/10.3/bin/../lib/gcc/arm-none-eabi/10.3.1/../../../../arm-none-eabi/lib/thumb/v7e-m+fp/softfp\libc.a(lib_a-mprec.o)
 .rodata._vfiprintf_r.str1.4
                0x10009d74       0x2f c:/users/abogovik/documents/msdk/tools/gnutools/10.3/bin/../lib/gcc/arm-none-eabi/10.3.1/../../../../arm-none-eabi/lib/thumb/v7e-m+fp/softfp\libc.a(lib_a-vfiprintf.o)
 .rodata.blanks.1
                0x10009d74       0x10 c:/users/abogovik/documents/msdk/tools/gnutools/10.3/bin/../lib/gcc/arm-none-eabi/10.3.1/../../../../arm-none-eabi/lib/thumb/v7e-m+fp/softfp\libc.a(lib_a-vfiprintf.o)
 .rodata.zeroes.0
                0x10009d84       0x10 c:/users/abogovik/documents/msdk/tools/gnutools/10.3/bin/../lib/gcc/arm-none-eabi/10.3.1/../../../../arm-none-eabi/lib/thumb/v7e-m+fp/softfp\libc.a(lib_a-vfiprintf.o)
 .rodata.__assert_func.str1.4
                0x10009d94       0x3f c:/users/abogovik/documents/msdk/tools/gnutools/10.3/bin/../lib/gcc/arm-none-eabi/10.3.1/../../../../arm-none-eabi/lib/thumb/v7e-m+fp/softfp\libc.a(lib_a-assert.o)
                                 0x43 (size before relaxing)
 *fill*         0x10009dd3        0x1 
 .rodata._setlocale_r.str1.4
                0x10009dd4        0xa c:/users/abogovik/documents/msdk/tools/gnutools/10.3/bin/../lib/gcc/arm-none-eabi/10.3.1/../../../../arm-none-eabi/lib/thumb/v7e-m+fp/softfp\libc.a(lib_a-locale.o)
                                  0xd (size before relaxing)
 *fill*         0x10009dde        0x2 
 .rodata.str1.4
                0x10009de0        0x2 c:/users/abogovik/documents/msdk/tools/gnutools/10.3/bin/../lib/gcc/arm-none-eabi/10.3.1/../../../../arm-none-eabi/lib/thumb/v7e-m+fp/softfp\libc.a(lib_a-locale.o)
 *fill*         0x10009de2        0x2 
 .rodata._ctype_
                0x10009de4      0x101 c:/users/abogovik/documents/msdk/tools/gnutools/10.3/bin/../lib/gcc/arm-none-eabi/10.3.1/../../../../arm-none-eabi/lib/thumb/v7e-m+fp/softfp\libc.a(lib_a-ctype_.o)
                0x10009de4                _ctype_
 *(.init)
 *fill*         0x10009ee5        0x3 
 .init          0x10009ee8        0x4 c:/users/abogovik/documents/msdk/tools/gnutools/10.3/bin/../lib/gcc/arm-none-eabi/10.3.1/thumb/v7e-m+fp/softfp/crti.o
                0x10009ee8                _init
 .init          0x10009eec        0x8 c:/users/abogovik/documents/msdk/tools/gnutools/10.3/bin/../lib/gcc/arm-none-eabi/10.3.1/thumb/v7e-m+fp/softfp/crtn.o
 *(.fini)
 .fini          0x10009ef4        0x4 c:/users/abogovik/documents/msdk/tools/gnutools/10.3/bin/../lib/gcc/arm-none-eabi/10.3.1/thumb/v7e-m+fp/softfp/crti.o
                0x10009ef4                _fini
 .fini          0x10009ef8        0x8 c:/users/abogovik/documents/msdk/tools/gnutools/10.3/bin/../lib/gcc/arm-none-eabi/10.3.1/thumb/v7e-m+fp/softfp/crtn.o
 *crtbegin.o(.ctors)
 *crtbegin?.o(.ctors)
 *(EXCLUDE_FILE(*crtend.o *crtend?.o) .ctors)
 *(SORT_BY_NAME(.ctors.*))
 *(.ctors)
 *crtbegin.o(.dtors)
 *crtbegin?.o(.dtors)
 *(EXCLUDE_FILE(*crtend.o *crtend?.o) .dtors)
 *(SORT_BY_NAME(.dtors.*))
 *(.dtors)
 *(.eh_frame*)
 .eh_frame      0x10009f00        0x0 c:/users/abogovik/documents/msdk/tools/gnutools/10.3/bin/../lib/gcc/arm-none-eabi/10.3.1/thumb/v7e-m+fp/softfp/crtbegin.o
 .eh_frame      0x10009f00        0x4 c:/users/abogovik/documents/msdk/tools/gnutools/10.3/bin/../lib/gcc/arm-none-eabi/10.3.1/thumb/v7e-m+fp/softfp/crtend.o
                0x10009f04                _etext = .

.glue_7         0x10009f04        0x0
 .glue_7        0x10009f04        0x0 linker stubs

.glue_7t        0x10009f04        0x0
 .glue_7t       0x10009f04        0x0 linker stubs

.vfp11_veneer   0x10009f04        0x0
 .vfp11_veneer  0x10009f04        0x0 linker stubs

.v4_bx          0x10009f04        0x0
 .v4_bx         0x10009f04        0x0 linker stubs

.iplt           0x10009f04        0x0
 .iplt          0x10009f04        0x0 c:/users/abogovik/documents/msdk/tools/gnutools/10.3/bin/../lib/gcc/arm-none-eabi/10.3.1/thumb/v7e-m+fp/softfp/crtbegin.o

.ARM.extab
 *(.ARM.extab* .gnu.linkonce.armextab.*)

.bin_storage    0x10009f04        0x0
 FILL mask 0xff
                0x10009f04                _bin_start_ = .
 *(.bin_storage_img)
                0x10009f04                _bin_end_ = .
                0x10009f04                . = ALIGN (0x4)

.ARM.exidx      0x10009f04        0x8
                0x10009f04                __exidx_start = .
 *(.ARM.exidx* .gnu.linkonce.armexidx.*)
 .ARM.exidx     0x10009f04        0x8 c:/users/abogovik/documents/msdk/tools/gnutools/10.3/bin/../lib/gcc/arm-none-eabi/10.3.1/thumb/v7e-m+fp/softfp\libgcc.a(_udivmoddi4.o)
                0x10009f0c                __exidx_end = .

.rel.dyn        0x10009f0c        0x0
 .rel.iplt      0x10009f0c        0x0 c:/users/abogovik/documents/msdk/tools/gnutools/10.3/bin/../lib/gcc/arm-none-eabi/10.3.1/thumb/v7e-m+fp/softfp/crtbegin.o

.data           0x20000000      0x9c4 load address 0x10009f0c
                0x20000000                _data = ALIGN (., 0x4)
 *(vtable)
 *(.data*)
 .data.ConsoleUart
                0x20000000        0x4 c:/Users/ABogovik/Documents/Eclipse_Workspace/UART_NewAPI_TEST/build/board.o
                0x20000000                ConsoleUart
 .data.SystemCoreClock
                0x20000004        0x4 c:/Users/ABogovik/Documents/Eclipse_Workspace/UART_NewAPI_TEST/build/system_max32672.o
                0x20000004                SystemCoreClock
 .data.overflows
                0x20000008        0x4 C:/Users/ABogovik/Documents/msdk/Libraries/PeriphDrivers/bin/MAX32672/softfp/libPeriphDriver_softfp.a(mxc_delay.o)
 .data._impure_ptr
                0x2000000c        0x4 c:/users/abogovik/documents/msdk/tools/gnutools/10.3/bin/../lib/gcc/arm-none-eabi/10.3.1/../../../../arm-none-eabi/lib/thumb/v7e-m+fp/softfp\libc.a(lib_a-impure.o)
                0x2000000c                _impure_ptr
 .data.impure_data
                0x20000010      0x428 c:/users/abogovik/documents/msdk/tools/gnutools/10.3/bin/../lib/gcc/arm-none-eabi/10.3.1/../../../../arm-none-eabi/lib/thumb/v7e-m+fp/softfp\libc.a(lib_a-impure.o)
 .data.__atexit_recursive_mutex
                0x20000438        0x4 c:/users/abogovik/documents/msdk/tools/gnutools/10.3/bin/../lib/gcc/arm-none-eabi/10.3.1/../../../../arm-none-eabi/lib/thumb/v7e-m+fp/softfp\libc.a(lib_a-__call_atexit.o)
                0x20000438                __atexit_recursive_mutex
 .data.__malloc_av_
                0x2000043c      0x408 c:/users/abogovik/documents/msdk/tools/gnutools/10.3/bin/../lib/gcc/arm-none-eabi/10.3.1/../../../../arm-none-eabi/lib/thumb/v7e-m+fp/softfp\libc.a(lib_a-mallocr.o)
                0x2000043c                __malloc_av_
 .data.__malloc_sbrk_base
                0x20000844        0x4 c:/users/abogovik/documents/msdk/tools/gnutools/10.3/bin/../lib/gcc/arm-none-eabi/10.3.1/../../../../arm-none-eabi/lib/thumb/v7e-m+fp/softfp\libc.a(lib_a-mallocr.o)
                0x20000844                __malloc_sbrk_base
 .data.__malloc_trim_threshold
                0x20000848        0x4 c:/users/abogovik/documents/msdk/tools/gnutools/10.3/bin/../lib/gcc/arm-none-eabi/10.3.1/../../../../arm-none-eabi/lib/thumb/v7e-m+fp/softfp\libc.a(lib_a-mallocr.o)
                0x20000848                __malloc_trim_threshold
 .data.__global_locale
                0x2000084c      0x16c c:/users/abogovik/documents/msdk/tools/gnutools/10.3/bin/../lib/gcc/arm-none-eabi/10.3.1/../../../../arm-none-eabi/lib/thumb/v7e-m+fp/softfp\libc.a(lib_a-locale.o)
                0x2000084c                __global_locale
 *(.spix_config*)
 *(.flashprog*)
                0x200009b8                . = ALIGN (0x4)
                0x200009b8                PROVIDE (__preinit_array_start = .)
 *(.preinit_array)
                0x200009b8                PROVIDE (__preinit_array_end = .)
                0x200009b8                . = ALIGN (0x4)
                0x200009b8                PROVIDE (__init_array_start = .)
 *(SORT_BY_NAME(.init_array.*))
 .init_array.00000
                0x200009b8        0x4 c:/users/abogovik/documents/msdk/tools/gnutools/10.3/bin/../lib/gcc/arm-none-eabi/10.3.1/../../../../arm-none-eabi/lib/thumb/v7e-m+fp/softfp\libc.a(lib_a-__call_atexit.o)
 *(.init_array)
 .init_array    0x200009bc        0x4 c:/users/abogovik/documents/msdk/tools/gnutools/10.3/bin/../lib/gcc/arm-none-eabi/10.3.1/thumb/v7e-m+fp/softfp/crtbegin.o
                0x200009c0                PROVIDE (__init_array_end = .)
                0x200009c0                . = ALIGN (0x4)
                0x200009c0                PROVIDE (__fini_array_start = .)
 *(SORT_BY_NAME(.fini_array.*))
 *(.fini_array)
 .fini_array    0x200009c0        0x4 c:/users/abogovik/documents/msdk/tools/gnutools/10.3/bin/../lib/gcc/arm-none-eabi/10.3.1/thumb/v7e-m+fp/softfp/crtbegin.o
                0x200009c4                PROVIDE (__fini_array_end = .)
                0x200009c4                _edata = ALIGN (., 0x4)
                0x10009f0c                __load_data = LOADADDR (.data)

.igot.plt       0x200009c4        0x0 load address 0x1000a8d0
 .igot.plt      0x200009c4        0x0 c:/users/abogovik/documents/msdk/tools/gnutools/10.3/bin/../lib/gcc/arm-none-eabi/10.3.1/thumb/v7e-m+fp/softfp/crtbegin.o

.bss            0x20000a00      0x73c load address 0x1000a8d0
                0x20000a00                . = ALIGN (0x4)
                0x20000a00                _bss = .
 *(.bss*)
 .bss           0x20000a00       0x1c c:/users/abogovik/documents/msdk/tools/gnutools/10.3/bin/../lib/gcc/arm-none-eabi/10.3.1/thumb/v7e-m+fp/softfp/crtbegin.o
 .bss.READ_FLAG
                0x20000a1c        0x4 c:/Users/ABogovik/Documents/Eclipse_Workspace/UART_NewAPI_TEST/build/main.o
                0x20000a1c                READ_FLAG
 .bss.WRITE_FLAG
                0x20000a20        0x4 c:/Users/ABogovik/Documents/Eclipse_Workspace/UART_NewAPI_TEST/build/main.o
                0x20000a20                WRITE_FLAG
 .bss.heap_end  0x20000a24        0x4 c:/Users/ABogovik/Documents/Eclipse_Workspace/UART_NewAPI_TEST/build/heap.o
 .bss.cbFunc    0x20000a28        0x4 C:/Users/ABogovik/Documents/msdk/Libraries/PeriphDrivers/bin/MAX32672/softfp/libPeriphDriver_softfp.a(mxc_delay.o)
 .bss.ctrl_save
                0x20000a2c        0x4 C:/Users/ABogovik/Documents/msdk/Libraries/PeriphDrivers/bin/MAX32672/softfp/libPeriphDriver_softfp.a(mxc_delay.o)
 .bss.endtick   0x20000a30        0x4 C:/Users/ABogovik/Documents/msdk/Libraries/PeriphDrivers/bin/MAX32672/softfp/libPeriphDriver_softfp.a(mxc_delay.o)
 .bss.dma_initialized
                0x20000a34        0x4 C:/Users/ABogovik/Documents/msdk/Libraries/PeriphDrivers/bin/MAX32672/softfp/libPeriphDriver_softfp.a(dma_reva.o)
 .bss.dma_lock  0x20000a38        0x4 C:/Users/ABogovik/Documents/msdk/Libraries/PeriphDrivers/bin/MAX32672/softfp/libPeriphDriver_softfp.a(dma_reva.o)
 .bss.dma_resource
                0x20000a3c       0xf0 C:/Users/ABogovik/Documents/msdk/Libraries/PeriphDrivers/bin/MAX32672/softfp/libPeriphDriver_softfp.a(dma_reva.o)
 .bss.states    0x20000b2c       0x50 C:/Users/ABogovik/Documents/msdk/Libraries/PeriphDrivers/bin/MAX32672/softfp/libPeriphDriver_softfp.a(uart_revb.o)
                0x20000b2c                states
 *fill*         0x20000b7c       0x84 
 .bss.ramVectorTable
                0x20000c00      0x1f0 C:/Users/ABogovik/Documents/msdk/Libraries/PeriphDrivers/bin/MAX32672/softfp/libPeriphDriver_softfp.a(nvic_table.o)
 .bss.callback  0x20000df0      0x180 C:/Users/ABogovik/Documents/msdk/Libraries/PeriphDrivers/bin/MAX32672/softfp/libPeriphDriver_softfp.a(gpio_common.o)
 .bss.cbparam   0x20000f70      0x180 C:/Users/ABogovik/Documents/msdk/Libraries/PeriphDrivers/bin/MAX32672/softfp/libPeriphDriver_softfp.a(gpio_common.o)
 .bss.initialized
                0x200010f0        0x1 C:/Users/ABogovik/Documents/msdk/Libraries/PeriphDrivers/bin/MAX32672/softfp/libPeriphDriver_softfp.a(gpio_common.o)
 *fill*         0x200010f1        0x3 
 .bss.__lock___atexit_recursive_mutex
                0x200010f4        0x1 c:/users/abogovik/documents/msdk/tools/gnutools/10.3/bin/../lib/gcc/arm-none-eabi/10.3.1/../../../../arm-none-eabi/lib/thumb/v7e-m+fp/softfp\libc.a(lib_a-lock.o)
                0x200010f4                __lock___atexit_recursive_mutex
 *fill*         0x200010f5        0x3 
 .bss.__lock___malloc_recursive_mutex
                0x200010f8        0x1 c:/users/abogovik/documents/msdk/tools/gnutools/10.3/bin/../lib/gcc/arm-none-eabi/10.3.1/../../../../arm-none-eabi/lib/thumb/v7e-m+fp/softfp\libc.a(lib_a-lock.o)
                0x200010f8                __lock___malloc_recursive_mutex
 *fill*         0x200010f9        0x3 
 .bss.__lock___sfp_recursive_mutex
                0x200010fc        0x1 c:/users/abogovik/documents/msdk/tools/gnutools/10.3/bin/../lib/gcc/arm-none-eabi/10.3.1/../../../../arm-none-eabi/lib/thumb/v7e-m+fp/softfp\libc.a(lib_a-lock.o)
                0x200010fc                __lock___sfp_recursive_mutex
 *fill*         0x200010fd        0x3 
 .bss.__lock___sinit_recursive_mutex
                0x20001100        0x1 c:/users/abogovik/documents/msdk/tools/gnutools/10.3/bin/../lib/gcc/arm-none-eabi/10.3.1/../../../../arm-none-eabi/lib/thumb/v7e-m+fp/softfp\libc.a(lib_a-lock.o)
                0x20001100                __lock___sinit_recursive_mutex
 *fill*         0x20001101        0x3 
 .bss.__malloc_current_mallinfo
                0x20001104       0x28 c:/users/abogovik/documents/msdk/tools/gnutools/10.3/bin/../lib/gcc/arm-none-eabi/10.3.1/../../../../arm-none-eabi/lib/thumb/v7e-m+fp/softfp\libc.a(lib_a-mallocr.o)
                0x20001104                __malloc_current_mallinfo
 .bss.__malloc_max_sbrked_mem
                0x2000112c        0x4 c:/users/abogovik/documents/msdk/tools/gnutools/10.3/bin/../lib/gcc/arm-none-eabi/10.3.1/../../../../arm-none-eabi/lib/thumb/v7e-m+fp/softfp\libc.a(lib_a-mallocr.o)
                0x2000112c                __malloc_max_sbrked_mem
 .bss.__malloc_max_total_mem
                0x20001130        0x4 c:/users/abogovik/documents/msdk/tools/gnutools/10.3/bin/../lib/gcc/arm-none-eabi/10.3.1/../../../../arm-none-eabi/lib/thumb/v7e-m+fp/softfp\libc.a(lib_a-mallocr.o)
                0x20001130                __malloc_max_total_mem
 .bss.__malloc_top_pad
                0x20001134        0x4 c:/users/abogovik/documents/msdk/tools/gnutools/10.3/bin/../lib/gcc/arm-none-eabi/10.3.1/../../../../arm-none-eabi/lib/thumb/v7e-m+fp/softfp\libc.a(lib_a-mallocr.o)
                0x20001134                __malloc_top_pad
 .bss.errno     0x20001138        0x4 c:/users/abogovik/documents/msdk/tools/gnutools/10.3/bin/../lib/gcc/arm-none-eabi/10.3.1/../../../../arm-none-eabi/lib/thumb/v7e-m+fp/softfp\libc.a(lib_a-reent.o)
                0x20001138                errno
 *(COMMON)
                0x2000113c                _ebss = ALIGN (., 0x4)
                0x20028000                __StackTop = (ORIGIN (SRAM) + LENGTH (SRAM))
                0x20027000                __StackLimit = (__StackTop - SIZEOF (.stack_dummy))

.stack_dummy    0x20001140     0x1000 load address 0x1000a8d0
 *(.stack*)
 .stack         0x20001140     0x1000 c:/Users/ABogovik/Documents/Eclipse_Workspace/UART_NewAPI_TEST/build/startup_max32672.o

.heap           0x20001140      0xc00 load address 0x1000a8d0
                0x20001140                . = ALIGN (0x4)
 *(.heap*)
 .heap          0x20001140      0xc00 c:/Users/ABogovik/Documents/Eclipse_Workspace/UART_NewAPI_TEST/build/startup_max32672.o
                0x20001140                __HeapBase
                0x20027000                __HeapLimit = ABSOLUTE (__StackLimit)
                0x20028000                PROVIDE (__stack = __StackTop)
                0x00000001                ASSERT ((__StackLimit >= _ebss), region RAM overflowed with stack)
OUTPUT(c:/Users/ABogovik/Documents/Eclipse_Workspace/UART_NewAPI_TEST/build/UART_NewAPI_TEST.elf elf32-littlearm)
LOAD linker stubs

.ARM.attributes
                0x00000000       0x2e
 .ARM.attributes
                0x00000000       0x1e c:/users/abogovik/documents/msdk/tools/gnutools/10.3/bin/../lib/gcc/arm-none-eabi/10.3.1/thumb/v7e-m+fp/softfp/crti.o
 .ARM.attributes
                0x0000001e       0x32 c:/users/abogovik/documents/msdk/tools/gnutools/10.3/bin/../lib/gcc/arm-none-eabi/10.3.1/thumb/v7e-m+fp/softfp/crtbegin.o
 .ARM.attributes
                0x00000050       0x32 c:/Users/ABogovik/Documents/Eclipse_Workspace/UART_NewAPI_TEST/build/main.o
 .ARM.attributes
                0x00000082       0x32 c:/Users/ABogovik/Documents/Eclipse_Workspace/UART_NewAPI_TEST/build/board.o
 .ARM.attributes
                0x000000b4       0x32 c:/Users/ABogovik/Documents/Eclipse_Workspace/UART_NewAPI_TEST/build/stdio.o
 .ARM.attributes
                0x000000e6       0x32 c:/Users/ABogovik/Documents/Eclipse_Workspace/UART_NewAPI_TEST/build/led.o
 .ARM.attributes
                0x00000118       0x32 c:/Users/ABogovik/Documents/Eclipse_Workspace/UART_NewAPI_TEST/build/pb.o
 .ARM.attributes
                0x0000014a       0x1b c:/Users/ABogovik/Documents/Eclipse_Workspace/UART_NewAPI_TEST/build/startup_max32672.o
 .ARM.attributes
                0x00000165       0x32 c:/Users/ABogovik/Documents/Eclipse_Workspace/UART_NewAPI_TEST/build/heap.o
 .ARM.attributes
                0x00000197       0x32 c:/Users/ABogovik/Documents/Eclipse_Workspace/UART_NewAPI_TEST/build/system_max32672.o
 .ARM.attributes
                0x000001c9       0x32 C:/Users/ABogovik/Documents/msdk/Libraries/PeriphDrivers/bin/MAX32672/softfp/libPeriphDriver_softfp.a(mxc_delay.o)
 .ARM.attributes
                0x000001fb       0x32 C:/Users/ABogovik/Documents/msdk/Libraries/PeriphDrivers/bin/MAX32672/softfp/libPeriphDriver_softfp.a(sys_me21.o)
 .ARM.attributes
                0x0000022d       0x32 C:/Users/ABogovik/Documents/msdk/Libraries/PeriphDrivers/bin/MAX32672/softfp/libPeriphDriver_softfp.a(dma_me21.o)
 .ARM.attributes
                0x0000025f       0x32 C:/Users/ABogovik/Documents/msdk/Libraries/PeriphDrivers/bin/MAX32672/softfp/libPeriphDriver_softfp.a(dma_reva.o)
 .ARM.attributes
                0x00000291       0x32 C:/Users/ABogovik/Documents/msdk/Libraries/PeriphDrivers/bin/MAX32672/softfp/libPeriphDriver_softfp.a(gpio_me21.o)
 .ARM.attributes
                0x000002c3       0x32 C:/Users/ABogovik/Documents/msdk/Libraries/PeriphDrivers/bin/MAX32672/softfp/libPeriphDriver_softfp.a(gpio_reva.o)
 .ARM.attributes
                0x000002f5       0x32 C:/Users/ABogovik/Documents/msdk/Libraries/PeriphDrivers/bin/MAX32672/softfp/libPeriphDriver_softfp.a(uart_me21.o)
 .ARM.attributes
                0x00000327       0x32 C:/Users/ABogovik/Documents/msdk/Libraries/PeriphDrivers/bin/MAX32672/softfp/libPeriphDriver_softfp.a(uart_revb.o)
 .ARM.attributes
                0x00000359       0x32 C:/Users/ABogovik/Documents/msdk/Libraries/PeriphDrivers/bin/MAX32672/softfp/libPeriphDriver_softfp.a(mxc_lock.o)
 .ARM.attributes
                0x0000038b       0x32 C:/Users/ABogovik/Documents/msdk/Libraries/PeriphDrivers/bin/MAX32672/softfp/libPeriphDriver_softfp.a(nvic_table.o)
 .ARM.attributes
                0x000003bd       0x32 C:/Users/ABogovik/Documents/msdk/Libraries/PeriphDrivers/bin/MAX32672/softfp/libPeriphDriver_softfp.a(pins_me21.o)
 .ARM.attributes
                0x000003ef       0x32 C:/Users/ABogovik/Documents/msdk/Libraries/PeriphDrivers/bin/MAX32672/softfp/libPeriphDriver_softfp.a(gpio_common.o)
 .ARM.attributes
                0x00000421       0x32 C:/Users/ABogovik/Documents/msdk/Libraries/PeriphDrivers/bin/MAX32672/softfp/libPeriphDriver_softfp.a(uart_common.o)
 .ARM.attributes
                0x00000453       0x32 c:/users/abogovik/documents/msdk/tools/gnutools/10.3/bin/../lib/gcc/arm-none-eabi/10.3.1/../../../../arm-none-eabi/lib/thumb/v7e-m+fp/softfp\libc.a(lib_a-errno.o)
 .ARM.attributes
                0x00000485       0x32 c:/users/abogovik/documents/msdk/tools/gnutools/10.3/bin/../lib/gcc/arm-none-eabi/10.3.1/../../../../arm-none-eabi/lib/thumb/v7e-m+fp/softfp\libc.a(lib_a-impure.o)
 .ARM.attributes
                0x000004b7       0x32 c:/users/abogovik/documents/msdk/tools/gnutools/10.3/bin/../lib/gcc/arm-none-eabi/10.3.1/../../../../arm-none-eabi/lib/thumb/v7e-m+fp/softfp\libc.a(lib_a-init.o)
 .ARM.attributes
                0x000004e9       0x32 c:/users/abogovik/documents/msdk/tools/gnutools/10.3/bin/../lib/gcc/arm-none-eabi/10.3.1/../../../../arm-none-eabi/lib/thumb/v7e-m+fp/softfp\libc.a(lib_a-memcmp.o)
 .ARM.attributes
                0x0000051b       0x1c c:/users/abogovik/documents/msdk/tools/gnutools/10.3/bin/../lib/gcc/arm-none-eabi/10.3.1/../../../../arm-none-eabi/lib/thumb/v7e-m+fp/softfp\libc.a(lib_a-memcpy.o)
 .ARM.attributes
                0x00000537       0x32 c:/users/abogovik/documents/msdk/tools/gnutools/10.3/bin/../lib/gcc/arm-none-eabi/10.3.1/../../../../arm-none-eabi/lib/thumb/v7e-m+fp/softfp\libc.a(lib_a-memset.o)
 .ARM.attributes
                0x00000569       0x32 c:/users/abogovik/documents/msdk/tools/gnutools/10.3/bin/../lib/gcc/arm-none-eabi/10.3.1/../../../../arm-none-eabi/lib/thumb/v7e-m+fp/softfp\libc.a(lib_a-printf.o)
 .ARM.attributes
                0x0000059b       0x32 c:/users/abogovik/documents/msdk/tools/gnutools/10.3/bin/../lib/gcc/arm-none-eabi/10.3.1/../../../../arm-none-eabi/lib/thumb/v7e-m+fp/softfp\libc.a(lib_a-puts.o)
 .ARM.attributes
                0x000005cd       0x1c c:/users/abogovik/documents/msdk/tools/gnutools/10.3/bin/../lib/gcc/arm-none-eabi/10.3.1/../../../../arm-none-eabi/lib/thumb/v7e-m+fp/softfp\libc.a(lib_a-strlen.o)
 .ARM.attributes
                0x000005e9       0x32 c:/users/abogovik/documents/msdk/tools/gnutools/10.3/bin/../lib/gcc/arm-none-eabi/10.3.1/../../../../arm-none-eabi/lib/thumb/v7e-m+fp/softfp\libc.a(lib_a-vfprintf.o)
 .ARM.attributes
                0x0000061b       0x32 c:/users/abogovik/documents/msdk/tools/gnutools/10.3/bin/../lib/gcc/arm-none-eabi/10.3.1/../../../../arm-none-eabi/lib/thumb/v7e-m+fp/softfp\libc.a(lib_a-wsetup.o)
 .ARM.attributes
                0x0000064d       0x32 c:/users/abogovik/documents/msdk/tools/gnutools/10.3/bin/../lib/gcc/arm-none-eabi/10.3.1/../../../../arm-none-eabi/lib/thumb/v7e-m+fp/softfp\libc.a(lib_a-__call_atexit.o)
 .ARM.attributes
                0x0000067f       0x32 c:/users/abogovik/documents/msdk/tools/gnutools/10.3/bin/../lib/gcc/arm-none-eabi/10.3.1/../../../../arm-none-eabi/lib/thumb/v7e-m+fp/softfp\libc.a(lib_a-atexit.o)
 .ARM.attributes
                0x000006b1       0x32 c:/users/abogovik/documents/msdk/tools/gnutools/10.3/bin/../lib/gcc/arm-none-eabi/10.3.1/../../../../arm-none-eabi/lib/thumb/v7e-m+fp/softfp\libc.a(lib_a-dtoa.o)
 .ARM.attributes
                0x000006e3       0x32 c:/users/abogovik/documents/msdk/tools/gnutools/10.3/bin/../lib/gcc/arm-none-eabi/10.3.1/../../../../arm-none-eabi/lib/thumb/v7e-m+fp/softfp\libc.a(lib_a-fflush.o)
 .ARM.attributes
                0x00000715       0x32 c:/users/abogovik/documents/msdk/tools/gnutools/10.3/bin/../lib/gcc/arm-none-eabi/10.3.1/../../../../arm-none-eabi/lib/thumb/v7e-m+fp/softfp\libc.a(lib_a-findfp.o)
 .ARM.attributes
                0x00000747       0x32 c:/users/abogovik/documents/msdk/tools/gnutools/10.3/bin/../lib/gcc/arm-none-eabi/10.3.1/../../../../arm-none-eabi/lib/thumb/v7e-m+fp/softfp\libc.a(lib_a-fini.o)
 .ARM.attributes